This file contains any messages produced by compilers while
running configure, to aid debugging if configure makes a mistake.

It was created by xroar configure 1.11, which was
generated by GNU Autoconf 2.71.  Invocation command line was

  $ ./configure 'CFLAGS=-O3 -ffast-math' --enable-wasm

## --------- ##
## Platform. ##
## --------- ##

hostname = Alpha
uname -m = x86_64
uname -r = 5.10.16.3-microsoft-standard-WSL2
uname -s = Linux
uname -v = #1 SMP Fri Apr 2 22:23:49 UTC 2021

/usr/bin/uname -p = x86_64
/bin/uname -X     = unknown

/bin/arch              = x86_64
/usr/bin/arch -k       = unknown
/usr/convex/getsysinfo = unknown
/usr/bin/hostinfo      = unknown
/bin/machine           = unknown
/usr/bin/oslevel       = unknown
/bin/universe          = unknown

PATH: /home/daniel/emsdk/upstream/emscripten/cache/sysroot/bin/
PATH: /home/daniel/emsdk/
PATH: /home/daniel/emsdk/upstream/emscripten/
PATH: /home/daniel/emsdk/node/22.16.0_64bit/bin/
PATH: /usr/local/sbin/
PATH: /usr/local/bin/
PATH: /usr/sbin/
PATH: /usr/bin/
PATH: /sbin/
PATH: /bin/
PATH: /usr/games/
PATH: /usr/local/games/
PATH: /mnt/c/Program Files/WindowsApps/CanonicalGroupLimited.Ubuntu_2404.1.68.0_x64__79rhkp1fndgsc/
PATH: /mnt/d/PortableGit/bin/
PATH: /mnt/d/PortableGit/usr/bin/
PATH: /mnt/d/PortablePython/
PATH: /mnt/c/Windows/system32/
PATH: /mnt/c/Windows/
PATH: /mnt/c/Windows/System32/Wbem/
PATH: /mnt/c/Windows/System32/WindowsPowerShell/v1.0/
PATH: /mnt/c/Windows/System32/OpenSSH/
PATH: /mnt/c/Program Files (x86)/NVIDIA Corporation/PhysX/Common/
PATH: /mnt/c/Program Files/PuTTY/
PATH: /mnt/c/WINDOWS/system32/
PATH: /mnt/c/WINDOWS/
PATH: /mnt/c/WINDOWS/System32/Wbem/
PATH: /mnt/c/WINDOWS/System32/WindowsPowerShell/v1.0/
PATH: /mnt/c/WINDOWS/System32/OpenSSH/
PATH: /mnt/c/Users/Daniel/AppData/Local/Microsoft/WindowsApps/
PATH: /mnt/c/intelFPGA_lite/22.1std/questa_fse/win64/
PATH: /mnt/c/Program Files/Notepad++/
PATH: /snap/bin/


## ----------- ##
## Core tests. ##
## ----------- ##

configure:3149: looking for aux files: compile ar-lib config.guess config.sub missing install-sh
configure:3162:  trying ./
configure:3191:   ./compile found
configure:3191:   ./ar-lib found
configure:3191:   ./config.guess found
configure:3191:   ./config.sub found
configure:3191:   ./missing found
configure:3173:   ./install-sh found
configure:3320: checking for a BSD-compatible install
configure:3393: result: /usr/bin/install -c
configure:3404: checking whether build environment is sane
configure:3459: result: yes
configure:3618: checking for a race-free mkdir -p
configure:3662: result: /usr/bin/mkdir -p
configure:3669: checking for gawk
configure:3690: found /usr/bin/gawk
configure:3701: result: gawk
configure:3712: checking whether make sets $(MAKE)
configure:3735: result: yes
configure:3765: checking whether make supports nested variables
configure:3783: result: yes
configure:3931: checking whether make supports nested variables
configure:3949: result: yes
configure:3975: checking build system type
configure:3990: result: x86_64-pc-linux-gnu
configure:4010: checking host system type
configure:4024: result: x86_64-pc-linux-gnu
configure:4059: checking whether make supports the include directive
configure:4074: make -f confmf.GNU && cat confinc.out
this is the am__doit target
configure:4077: $? = 0
configure:4096: result: yes (GNU style)
configure:4172: checking for gcc
configure:4204: result: /home/daniel/emsdk/upstream/emscripten/emcc
configure:4557: checking for C compiler version
configure:4566: /home/daniel/emsdk/upstream/emscripten/emcc --version >&5
emcc (Emscripten gcc/clang-like replacement + linker emulating GNU ld) 6.0.2 (7a2d97d627ff4945eae28847ce0387ac52b92c09)
Copyright (C) 2026 the Emscripten authors (see AUTHORS.txt)
This is free and open source software under the MIT license.
There is NO warranty; not even for MERCHANTABILITY or FITNESS FOR A PARTICULAR PURPOSE.

configure:4577: $? = 0
configure:4566: /home/daniel/emsdk/upstream/emscripten/emcc -v >&5
emcc (Emscripten gcc/clang-like replacement + linker emulating GNU ld) 6.0.2 (7a2d97d627ff4945eae28847ce0387ac52b92c09)
clang version 23.0.0git (https:/github.com/llvm/llvm-project 787619a4072e0eb7887357d5d284e86c17548aed)
Target: wasm32-unknown-emscripten
Thread model: posix
InstalledDir: /home/daniel/emsdk/upstream/bin
configure:4577: $? = 0
configure:4566: /home/daniel/emsdk/upstream/emscripten/emcc -V >&5
emcc: error: no input files
configure:4577: $? = 1
configure:4566: /home/daniel/emsdk/upstream/emscripten/emcc -qversion >&5
emcc: error: no input files
configure:4577: $? = 1
configure:4566: /home/daniel/emsdk/upstream/emscripten/emcc -version >&5
emcc: error: no input files
configure:4577: $? = 1
configure:4597: checking whether the C compiler works
configure:4619: /home/daniel/emsdk/upstream/emscripten/emcc -O3 -ffast-math   conftest.c  >&5
configure:4623: $? = 0
configure:4673: result: yes
configure:4676: checking for C compiler default output file name
configure:4678: result: a.out
configure:4684: checking for suffix of executables
configure:4691: /home/daniel/emsdk/upstream/emscripten/emcc -o conftest -O3 -ffast-math   conftest.c  >&5
configure:4695: $? = 0
configure:4718: result: 
configure:4740: checking whether we are cross compiling
configure:4748: /home/daniel/emsdk/upstream/emscripten/emcc -o conftest -O3 -ffast-math   conftest.c  >&5
configure:4752: $? = 0
configure:4759: ./conftest
configure:4763: $? = 0
configure:4778: result: no
configure:4783: checking for suffix of object files
configure:4806: /home/daniel/emsdk/upstream/emscripten/emcc -c -O3 -ffast-math  conftest.c >&5
configure:4810: $? = 0
configure:4832: result: o
configure:4836: checking whether the compiler supports GNU C
configure:4856: /home/daniel/emsdk/upstream/emscripten/emcc -c -O3 -ffast-math  conftest.c >&5
configure:4856: $? = 0
configure:4866: result: yes
configure:4877: checking whether /home/daniel/emsdk/upstream/emscripten/emcc accepts -g
configure:4898: /home/daniel/emsdk/upstream/emscripten/emcc -c -g  conftest.c >&5
configure:4898: $? = 0
configure:4942: result: yes
configure:4962: checking for /home/daniel/emsdk/upstream/emscripten/emcc option to enable C11 features
configure:4977: /home/daniel/emsdk/upstream/emscripten/emcc  -c -O3 -ffast-math  conftest.c >&5
conftest.c:25:14: warning: a function definition without a prototype is deprecated in all versions of C and is not supported in C23 [-Wdeprecated-non-prototype]
   25 | static char *e (p, i)
      |              ^
1 warning generated.
configure:4977: $? = 0
configure:4995: result: none needed
configure:5111: checking whether /home/daniel/emsdk/upstream/emscripten/emcc understands -c and -o together
configure:5134: /home/daniel/emsdk/upstream/emscripten/emcc -c conftest.c -o conftest2.o
configure:5137: $? = 0
configure:5134: /home/daniel/emsdk/upstream/emscripten/emcc -c conftest.c -o conftest2.o
configure:5137: $? = 0
configure:5149: result: yes
configure:5168: checking dependency style of /home/daniel/emsdk/upstream/emscripten/emcc
configure:5280: result: gcc3
configure:5409: checking the archiver (/home/daniel/emsdk/upstream/emscripten/emar) interface
configure:5426: /home/daniel/emsdk/upstream/emscripten/emcc -c -O3 -ffast-math  conftest.c >&5
configure:5426: $? = 0
configure:5429: /home/daniel/emsdk/upstream/emscripten/emar cru libconftest.a conftest.o >&5
configure:5432: $? = 0
configure:5460: result: ar
configure:5533: checking for gcc
configure:5565: result: /home/daniel/emsdk/upstream/emscripten/emcc
configure:5918: checking for C compiler version
configure:5927: /home/daniel/emsdk/upstream/emscripten/emcc --version >&5
emcc (Emscripten gcc/clang-like replacement + linker emulating GNU ld) 6.0.2 (7a2d97d627ff4945eae28847ce0387ac52b92c09)
Copyright (C) 2026 the Emscripten authors (see AUTHORS.txt)
This is free and open source software under the MIT license.
There is NO warranty; not even for MERCHANTABILITY or FITNESS FOR A PARTICULAR PURPOSE.

configure:5938: $? = 0
configure:5927: /home/daniel/emsdk/upstream/emscripten/emcc -v >&5
emcc (Emscripten gcc/clang-like replacement + linker emulating GNU ld) 6.0.2 (7a2d97d627ff4945eae28847ce0387ac52b92c09)
clang version 23.0.0git (https:/github.com/llvm/llvm-project 787619a4072e0eb7887357d5d284e86c17548aed)
Target: wasm32-unknown-emscripten
Thread model: posix
InstalledDir: /home/daniel/emsdk/upstream/bin
configure:5938: $? = 0
configure:5927: /home/daniel/emsdk/upstream/emscripten/emcc -V >&5
emcc: error: no input files
configure:5938: $? = 1
configure:5927: /home/daniel/emsdk/upstream/emscripten/emcc -qversion >&5
emcc: error: no input files
configure:5938: $? = 1
configure:5927: /home/daniel/emsdk/upstream/emscripten/emcc -version >&5
emcc: error: no input files
configure:5938: $? = 1
configure:5942: checking whether the compiler supports GNU C
configure:5972: result: yes
configure:5983: checking whether /home/daniel/emsdk/upstream/emscripten/emcc accepts -g
configure:6048: result: yes
configure:6068: checking for /home/daniel/emsdk/upstream/emscripten/emcc option to enable C11 features
configure:6101: result: none needed
configure:6217: checking whether /home/daniel/emsdk/upstream/emscripten/emcc understands -c and -o together
configure:6255: result: yes
configure:6274: checking dependency style of /home/daniel/emsdk/upstream/emscripten/emcc
configure:6386: result: gcc3
configure:6460: checking for gcc
configure:6481: found /usr/bin/gcc
configure:6492: result: gcc
configure:6517: checking for Objective C compiler version
configure:6526: gcc --version >&5
gcc (Ubuntu 11.4.0-1ubuntu1~22.04.3) 11.4.0
Copyright (C) 2021 Free Software Foundation, Inc.
This is free software; see the source for copying conditions.  There is NO
warranty; not even for MERCHANTABILITY or FITNESS FOR A PARTICULAR PURPOSE.

configure:6537: $? = 0
configure:6526: gcc -v >&5
Using built-in specs.
COLLECT_GCC=gcc
COLLECT_LTO_WRAPPER=/usr/lib/gcc/x86_64-linux-gnu/11/lto-wrapper
OFFLOAD_TARGET_NAMES=nvptx-none:amdgcn-amdhsa
OFFLOAD_TARGET_DEFAULT=1
Target: x86_64-linux-gnu
Configured with: ../src/configure -v --with-pkgversion='Ubuntu 11.4.0-1ubuntu1~22.04.3' --with-bugurl=file:///usr/share/doc/gcc-11/README.Bugs --enable-languages=c,ada,c++,go,brig,d,fortran,objc,obj-c++,m2 --prefix=/usr --with-gcc-major-version-only --program-suffix=-11 --program-prefix=x86_64-linux-gnu- --enable-shared --enable-linker-build-id --libexecdir=/usr/lib --without-included-gettext --enable-threads=posix --libdir=/usr/lib --enable-nls --enable-bootstrap --enable-clocale=gnu --enable-libstdcxx-debug --enable-libstdcxx-time=yes --with-default-libstdcxx-abi=new --enable-gnu-unique-object --disable-vtable-verify --enable-plugin --enable-default-pie --with-system-zlib --enable-libphobos-checking=release --with-target-system-zlib=auto --enable-objc-gc=auto --enable-multiarch --disable-werror --enable-cet --with-arch-32=i686 --with-abi=m64 --with-multilib-list=m32,m64,mx32 --enable-multilib --with-tune=generic --enable-offload-targets=nvptx-none=/build/gcc-11-0odw26/gcc-11-11.4.0/debian/tmp-nvptx/usr,amdgcn-amdhsa=/build/gcc-11-0odw26/gcc-11-11.4.0/debian/tmp-gcn/usr --without-cuda-driver --enable-checking=release --build=x86_64-linux-gnu --host=x86_64-linux-gnu --target=x86_64-linux-gnu --with-build-config=bootstrap-lto-lean --enable-link-serialization=2
Thread model: posix
Supported LTO compression algorithms: zlib zstd
gcc version 11.4.0 (Ubuntu 11.4.0-1ubuntu1~22.04.3) 
... rest of stderr output deleted ...
configure:6537: $? = 0
configure:6526: gcc -V >&5
gcc: error: unrecognized command-line option '-V'
gcc: fatal error: no input files
compilation terminated.
configure:6537: $? = 1
configure:6526: gcc -qversion >&5
gcc: error: unrecognized command-line option '-qversion'; did you mean '--version'?
gcc: fatal error: no input files
compilation terminated.
configure:6537: $? = 1
configure:6541: checking whether the compiler supports GNU Objective C
configure:6561: gcc -c   conftest.m >&5
gcc: fatal error: cannot execute 'cc1obj': execvp: No such file or directory
compilation terminated.
configure:6561: $? = 1
configure: failed program was:
| /* confdefs.h */
| #define PACKAGE_NAME "xroar"
| #define PACKAGE_TARNAME "xroar"
| #define PACKAGE_VERSION "1.11"
| #define PACKAGE_STRING "xroar 1.11"
| #define PACKAGE_BUGREPORT ""
| #define PACKAGE_URL ""
| #define PACKAGE "xroar"
| #define VERSION "1.11"
| /* end confdefs.h.  */
| 
| int
| main (void)
| {
| #ifndef __GNUC__
|        choke me
| #endif
| 
|   ;
|   return 0;
| }
configure:6571: result: no
configure:6582: checking whether gcc accepts -g
configure:6603: gcc -c -g  conftest.m >&5
gcc: fatal error: cannot execute 'cc1obj': execvp: No such file or directory
compilation terminated.
configure:6603: $? = 1
configure: failed program was:
| /* confdefs.h */
| #define PACKAGE_NAME "xroar"
| #define PACKAGE_TARNAME "xroar"
| #define PACKAGE_VERSION "1.11"
| #define PACKAGE_STRING "xroar 1.11"
| #define PACKAGE_BUGREPORT ""
| #define PACKAGE_URL ""
| #define PACKAGE "xroar"
| #define VERSION "1.11"
| /* end confdefs.h.  */
| 
| int
| main (void)
| {
| 
|   ;
|   return 0;
| }
configure:6619: gcc -c   conftest.m >&5
gcc: fatal error: cannot execute 'cc1obj': execvp: No such file or directory
compilation terminated.
configure:6619: $? = 1
configure: failed program was:
| /* confdefs.h */
| #define PACKAGE_NAME "xroar"
| #define PACKAGE_TARNAME "xroar"
| #define PACKAGE_VERSION "1.11"
| #define PACKAGE_STRING "xroar 1.11"
| #define PACKAGE_BUGREPORT ""
| #define PACKAGE_URL ""
| #define PACKAGE "xroar"
| #define VERSION "1.11"
| /* end confdefs.h.  */
| 
| int
| main (void)
| {
| 
|   ;
|   return 0;
| }
configure:6636: gcc -c -g  conftest.m >&5
gcc: fatal error: cannot execute 'cc1obj': execvp: No such file or directory
compilation terminated.
configure:6636: $? = 1
configure: failed program was:
| /* confdefs.h */
| #define PACKAGE_NAME "xroar"
| #define PACKAGE_TARNAME "xroar"
| #define PACKAGE_VERSION "1.11"
| #define PACKAGE_STRING "xroar 1.11"
| #define PACKAGE_BUGREPORT ""
| #define PACKAGE_URL ""
| #define PACKAGE "xroar"
| #define VERSION "1.11"
| /* end confdefs.h.  */
| 
| int
| main (void)
| {
| 
|   ;
|   return 0;
| }
configure:6647: result: no
configure:6672: checking dependency style of gcc
configure:6782: result: gcc3
configure:6847: checking for ranlib
configure:6879: result: /home/daniel/emsdk/upstream/emscripten/emranlib
configure:6903: checking for pkg-config
configure:6926: found /usr/bin/pkg-config
configure:6938: result: /usr/bin/pkg-config
configure:6955: checking for special C compiler options needed for large files
configure:7003: result: no
configure:7009: checking for _FILE_OFFSET_BITS value needed for large files
configure:7035: /home/daniel/emsdk/upstream/emscripten/emcc -c -O3 -ffast-math  conftest.c >&5
configure:7035: $? = 0
configure:7069: result: no
configure:7202: checking for windres
configure:7237: result: no
configure:7264: checking for stdio.h
configure:7264: /home/daniel/emsdk/upstream/emscripten/emcc -c -O3 -ffast-math  conftest.c >&5
configure:7264: $? = 0
configure:7264: result: yes
configure:7264: checking for stdlib.h
configure:7264: /home/daniel/emsdk/upstream/emscripten/emcc -c -O3 -ffast-math  conftest.c >&5
configure:7264: $? = 0
configure:7264: result: yes
configure:7264: checking for string.h
configure:7264: /home/daniel/emsdk/upstream/emscripten/emcc -c -O3 -ffast-math  conftest.c >&5
configure:7264: $? = 0
configure:7264: result: yes
configure:7264: checking for inttypes.h
configure:7264: /home/daniel/emsdk/upstream/emscripten/emcc -c -O3 -ffast-math  conftest.c >&5
configure:7264: $? = 0
configure:7264: result: yes
configure:7264: checking for stdint.h
configure:7264: /home/daniel/emsdk/upstream/emscripten/emcc -c -O3 -ffast-math  conftest.c >&5
configure:7264: $? = 0
configure:7264: result: yes
configure:7264: checking for strings.h
configure:7264: /home/daniel/emsdk/upstream/emscripten/emcc -c -O3 -ffast-math  conftest.c >&5
configure:7264: $? = 0
configure:7264: result: yes
configure:7264: checking for sys/stat.h
configure:7264: /home/daniel/emsdk/upstream/emscripten/emcc -c -O3 -ffast-math  conftest.c >&5
configure:7264: $? = 0
configure:7264: result: yes
configure:7264: checking for sys/types.h
configure:7264: /home/daniel/emsdk/upstream/emscripten/emcc -c -O3 -ffast-math  conftest.c >&5
configure:7264: $? = 0
configure:7264: result: yes
configure:7264: checking for unistd.h
configure:7264: /home/daniel/emsdk/upstream/emscripten/emcc -c -O3 -ffast-math  conftest.c >&5
configure:7264: $? = 0
configure:7264: result: yes
configure:7289: checking for endian.h
configure:7289: /home/daniel/emsdk/upstream/emscripten/emcc -c -O3 -ffast-math  conftest.c >&5
configure:7289: $? = 0
configure:7289: result: yes
configure:7295: checking for regex.h
configure:7295: /home/daniel/emsdk/upstream/emscripten/emcc -c -O3 -ffast-math  conftest.c >&5
configure:7295: $? = 0
configure:7295: result: yes
configure:7304: checking for int16_t
configure:7304: /home/daniel/emsdk/upstream/emscripten/emcc -c -O3 -ffast-math  conftest.c >&5
configure:7304: $? = 0
configure:7304: /home/daniel/emsdk/upstream/emscripten/emcc -c -O3 -ffast-math  conftest.c >&5
conftest.c:55:24: error: 'test_array' declared as an array with a negative size
   55 | static int test_array [1 - 2 * !((int16_t) (((((int16_t) 1 << N) << N) - 1) * 2 + 1)
      |                        ^~~~~~~~~~~~~~~~~~~~~~~~~~~~~~~~~~~~~~~~~~~~~~~~~~~~~~~~~~~~~
   56 |                  < (int16_t) (((((int16_t) 1 << N) << N) - 1) * 2 + 2))];
      |                  ~~~~~~~~~~~~~~~~~~~~~~~~~~~~~~~~~~~~~~~~~~~~~~~~~~~~~~
1 error generated.
configure:7304: $? = 1
configure: failed program was:
| /* confdefs.h */
| #define PACKAGE_NAME "xroar"
| #define PACKAGE_TARNAME "xroar"
| #define PACKAGE_VERSION "1.11"
| #define PACKAGE_STRING "xroar 1.11"
| #define PACKAGE_BUGREPORT ""
| #define PACKAGE_URL ""
| #define PACKAGE "xroar"
| #define VERSION "1.11"
| #define HAVE_STDIO_H 1
| #define HAVE_STDLIB_H 1
| #define HAVE_STRING_H 1
| #define HAVE_INTTYPES_H 1
| #define HAVE_STDINT_H 1
| #define HAVE_STRINGS_H 1
| #define HAVE_SYS_STAT_H 1
| #define HAVE_SYS_TYPES_H 1
| #define HAVE_UNISTD_H 1
| #define STDC_HEADERS 1
| #define HAVE_ENDIAN_H 1
| #define HAVE_REGEX_H 1
| /* end confdefs.h.  */
| #include <stddef.h>
| #ifdef HAVE_STDIO_H
| # include <stdio.h>
| #endif
| #ifdef HAVE_STDLIB_H
| # include <stdlib.h>
| #endif
| #ifdef HAVE_STRING_H
| # include <string.h>
| #endif
| #ifdef HAVE_INTTYPES_H
| # include <inttypes.h>
| #endif
| #ifdef HAVE_STDINT_H
| # include <stdint.h>
| #endif
| #ifdef HAVE_STRINGS_H
| # include <strings.h>
| #endif
| #ifdef HAVE_SYS_TYPES_H
| # include <sys/types.h>
| #endif
| #ifdef HAVE_SYS_STAT_H
| # include <sys/stat.h>
| #endif
| #ifdef HAVE_UNISTD_H
| # include <unistd.h>
| #endif
| 	        enum { N = 16 / 2 - 1 };
| int
| main (void)
| {
| static int test_array [1 - 2 * !((int16_t) (((((int16_t) 1 << N) << N) - 1) * 2 + 1)
| 		 < (int16_t) (((((int16_t) 1 << N) << N) - 1) * 2 + 2))];
| test_array [0] = 0;
| return test_array [0];
| 
|   ;
|   return 0;
| }
configure:7304: result: yes
configure:7313: checking for int32_t
configure:7313: /home/daniel/emsdk/upstream/emscripten/emcc -c -O3 -ffast-math  conftest.c >&5
configure:7313: $? = 0
configure:7313: /home/daniel/emsdk/upstream/emscripten/emcc -c -O3 -ffast-math  conftest.c >&5
conftest.c:56:53: warning: overflow in expression; result is -2'147'483'648 with type 'int' [-Winteger-overflow]
   56 |                  < (int32_t) (((((int32_t) 1 << N) << N) - 1) * 2 + 2))];
      |                               ~~~~~~~~~~~~~~~~~~~~~~~~~~~~~~~~~~~~^~~
conftest.c:55:24: warning: variable length array folded to constant array as an extension [-Wgnu-folding-constant]
   55 | static int test_array [1 - 2 * !((int32_t) (((((int32_t) 1 << N) << N) - 1) * 2 + 1)
      |                        ^~~~~~~~~~~~~~~~~~~~~~~~~~~~~~~~~~~~~~~~~~~~~~~~~~~~~~~~~~~~~
   56 |                  < (int32_t) (((((int32_t) 1 << N) << N) - 1) * 2 + 2))];
      |                  ~~~~~~~~~~~~~~~~~~~~~~~~~~~~~~~~~~~~~~~~~~~~~~~~~~~~~~
conftest.c:56:53: note: value 2147483648 is outside the range of representable values of type 'int'
   56 |                  < (int32_t) (((((int32_t) 1 << N) << N) - 1) * 2 + 2))];
      |                                                                   ^
conftest.c:55:24: error: 'test_array' declared as an array with a negative size
   55 | static int test_array [1 - 2 * !((int32_t) (((((int32_t) 1 << N) << N) - 1) * 2 + 1)
      |                        ^~~~~~~~~~~~~~~~~~~~~~~~~~~~~~~~~~~~~~~~~~~~~~~~~~~~~~~~~~~~~
   56 |                  < (int32_t) (((((int32_t) 1 << N) << N) - 1) * 2 + 2))];
      |                  ~~~~~~~~~~~~~~~~~~~~~~~~~~~~~~~~~~~~~~~~~~~~~~~~~~~~~~
2 warnings and 1 error generated.
configure:7313: $? = 1
configure: failed program was:
| /* confdefs.h */
| #define PACKAGE_NAME "xroar"
| #define PACKAGE_TARNAME "xroar"
| #define PACKAGE_VERSION "1.11"
| #define PACKAGE_STRING "xroar 1.11"
| #define PACKAGE_BUGREPORT ""
| #define PACKAGE_URL ""
| #define PACKAGE "xroar"
| #define VERSION "1.11"
| #define HAVE_STDIO_H 1
| #define HAVE_STDLIB_H 1
| #define HAVE_STRING_H 1
| #define HAVE_INTTYPES_H 1
| #define HAVE_STDINT_H 1
| #define HAVE_STRINGS_H 1
| #define HAVE_SYS_STAT_H 1
| #define HAVE_SYS_TYPES_H 1
| #define HAVE_UNISTD_H 1
| #define STDC_HEADERS 1
| #define HAVE_ENDIAN_H 1
| #define HAVE_REGEX_H 1
| /* end confdefs.h.  */
| #include <stddef.h>
| #ifdef HAVE_STDIO_H
| # include <stdio.h>
| #endif
| #ifdef HAVE_STDLIB_H
| # include <stdlib.h>
| #endif
| #ifdef HAVE_STRING_H
| # include <string.h>
| #endif
| #ifdef HAVE_INTTYPES_H
| # include <inttypes.h>
| #endif
| #ifdef HAVE_STDINT_H
| # include <stdint.h>
| #endif
| #ifdef HAVE_STRINGS_H
| # include <strings.h>
| #endif
| #ifdef HAVE_SYS_TYPES_H
| # include <sys/types.h>
| #endif
| #ifdef HAVE_SYS_STAT_H
| # include <sys/stat.h>
| #endif
| #ifdef HAVE_UNISTD_H
| # include <unistd.h>
| #endif
| 	        enum { N = 32 / 2 - 1 };
| int
| main (void)
| {
| static int test_array [1 - 2 * !((int32_t) (((((int32_t) 1 << N) << N) - 1) * 2 + 1)
| 		 < (int32_t) (((((int32_t) 1 << N) << N) - 1) * 2 + 2))];
| test_array [0] = 0;
| return test_array [0];
| 
|   ;
|   return 0;
| }
configure:7313: result: yes
configure:7322: checking for int64_t
configure:7322: /home/daniel/emsdk/upstream/emscripten/emcc -c -O3 -ffast-math  conftest.c >&5
configure:7322: $? = 0
configure:7322: /home/daniel/emsdk/upstream/emscripten/emcc -c -O3 -ffast-math  conftest.c >&5
conftest.c:56:53: warning: overflow in expression; result is -9'223'372'036'854'775'808 with type 'int64_t' (aka 'long long') [-Winteger-overflow]
   56 |                  < (int64_t) (((((int64_t) 1 << N) << N) - 1) * 2 + 2))];
      |                               ~~~~~~~~~~~~~~~~~~~~~~~~~~~~~~~~~~~~^~~
conftest.c:55:24: warning: variable length array folded to constant array as an extension [-Wgnu-folding-constant]
   55 | static int test_array [1 - 2 * !((int64_t) (((((int64_t) 1 << N) << N) - 1) * 2 + 1)
      |                        ^~~~~~~~~~~~~~~~~~~~~~~~~~~~~~~~~~~~~~~~~~~~~~~~~~~~~~~~~~~~~
   56 |                  < (int64_t) (((((int64_t) 1 << N) << N) - 1) * 2 + 2))];
      |                  ~~~~~~~~~~~~~~~~~~~~~~~~~~~~~~~~~~~~~~~~~~~~~~~~~~~~~~
conftest.c:56:53: note: value 9223372036854775808 is outside the range of representable values of type 'int64_t' (aka 'long long')
   56 |                  < (int64_t) (((((int64_t) 1 << N) << N) - 1) * 2 + 2))];
      |                                                                   ^
conftest.c:55:24: error: 'test_array' declared as an array with a negative size
   55 | static int test_array [1 - 2 * !((int64_t) (((((int64_t) 1 << N) << N) - 1) * 2 + 1)
      |                        ^~~~~~~~~~~~~~~~~~~~~~~~~~~~~~~~~~~~~~~~~~~~~~~~~~~~~~~~~~~~~
   56 |                  < (int64_t) (((((int64_t) 1 << N) << N) - 1) * 2 + 2))];
      |                  ~~~~~~~~~~~~~~~~~~~~~~~~~~~~~~~~~~~~~~~~~~~~~~~~~~~~~~
2 warnings and 1 error generated.
configure:7322: $? = 1
configure: failed program was:
| /* confdefs.h */
| #define PACKAGE_NAME "xroar"
| #define PACKAGE_TARNAME "xroar"
| #define PACKAGE_VERSION "1.11"
| #define PACKAGE_STRING "xroar 1.11"
| #define PACKAGE_BUGREPORT ""
| #define PACKAGE_URL ""
| #define PACKAGE "xroar"
| #define VERSION "1.11"
| #define HAVE_STDIO_H 1
| #define HAVE_STDLIB_H 1
| #define HAVE_STRING_H 1
| #define HAVE_INTTYPES_H 1
| #define HAVE_STDINT_H 1
| #define HAVE_STRINGS_H 1
| #define HAVE_SYS_STAT_H 1
| #define HAVE_SYS_TYPES_H 1
| #define HAVE_UNISTD_H 1
| #define STDC_HEADERS 1
| #define HAVE_ENDIAN_H 1
| #define HAVE_REGEX_H 1
| /* end confdefs.h.  */
| #include <stddef.h>
| #ifdef HAVE_STDIO_H
| # include <stdio.h>
| #endif
| #ifdef HAVE_STDLIB_H
| # include <stdlib.h>
| #endif
| #ifdef HAVE_STRING_H
| # include <string.h>
| #endif
| #ifdef HAVE_INTTYPES_H
| # include <inttypes.h>
| #endif
| #ifdef HAVE_STDINT_H
| # include <stdint.h>
| #endif
| #ifdef HAVE_STRINGS_H
| # include <strings.h>
| #endif
| #ifdef HAVE_SYS_TYPES_H
| # include <sys/types.h>
| #endif
| #ifdef HAVE_SYS_STAT_H
| # include <sys/stat.h>
| #endif
| #ifdef HAVE_UNISTD_H
| # include <unistd.h>
| #endif
| 	        enum { N = 64 / 2 - 1 };
| int
| main (void)
| {
| static int test_array [1 - 2 * !((int64_t) (((((int64_t) 1 << N) << N) - 1) * 2 + 1)
| 		 < (int64_t) (((((int64_t) 1 << N) << N) - 1) * 2 + 2))];
| test_array [0] = 0;
| return test_array [0];
| 
|   ;
|   return 0;
| }
configure:7322: result: yes
configure:7331: checking for int8_t
configure:7331: /home/daniel/emsdk/upstream/emscripten/emcc -c -O3 -ffast-math  conftest.c >&5
configure:7331: $? = 0
configure:7331: /home/daniel/emsdk/upstream/emscripten/emcc -c -O3 -ffast-math  conftest.c >&5
conftest.c:55:24: error: 'test_array' declared as an array with a negative size
   55 | static int test_array [1 - 2 * !((int8_t) (((((int8_t) 1 << N) << N) - 1) * 2 + 1)
      |                        ^~~~~~~~~~~~~~~~~~~~~~~~~~~~~~~~~~~~~~~~~~~~~~~~~~~~~~~~~~~
   56 |                  < (int8_t) (((((int8_t) 1 << N) << N) - 1) * 2 + 2))];
      |                  ~~~~~~~~~~~~~~~~~~~~~~~~~~~~~~~~~~~~~~~~~~~~~~~~~~~~
1 error generated.
configure:7331: $? = 1
configure: failed program was:
| /* confdefs.h */
| #define PACKAGE_NAME "xroar"
| #define PACKAGE_TARNAME "xroar"
| #define PACKAGE_VERSION "1.11"
| #define PACKAGE_STRING "xroar 1.11"
| #define PACKAGE_BUGREPORT ""
| #define PACKAGE_URL ""
| #define PACKAGE "xroar"
| #define VERSION "1.11"
| #define HAVE_STDIO_H 1
| #define HAVE_STDLIB_H 1
| #define HAVE_STRING_H 1
| #define HAVE_INTTYPES_H 1
| #define HAVE_STDINT_H 1
| #define HAVE_STRINGS_H 1
| #define HAVE_SYS_STAT_H 1
| #define HAVE_SYS_TYPES_H 1
| #define HAVE_UNISTD_H 1
| #define STDC_HEADERS 1
| #define HAVE_ENDIAN_H 1
| #define HAVE_REGEX_H 1
| /* end confdefs.h.  */
| #include <stddef.h>
| #ifdef HAVE_STDIO_H
| # include <stdio.h>
| #endif
| #ifdef HAVE_STDLIB_H
| # include <stdlib.h>
| #endif
| #ifdef HAVE_STRING_H
| # include <string.h>
| #endif
| #ifdef HAVE_INTTYPES_H
| # include <inttypes.h>
| #endif
| #ifdef HAVE_STDINT_H
| # include <stdint.h>
| #endif
| #ifdef HAVE_STRINGS_H
| # include <strings.h>
| #endif
| #ifdef HAVE_SYS_TYPES_H
| # include <sys/types.h>
| #endif
| #ifdef HAVE_SYS_STAT_H
| # include <sys/stat.h>
| #endif
| #ifdef HAVE_UNISTD_H
| # include <unistd.h>
| #endif
| 	        enum { N = 8 / 2 - 1 };
| int
| main (void)
| {
| static int test_array [1 - 2 * !((int8_t) (((((int8_t) 1 << N) << N) - 1) * 2 + 1)
| 		 < (int8_t) (((((int8_t) 1 << N) << N) - 1) * 2 + 2))];
| test_array [0] = 0;
| return test_array [0];
| 
|   ;
|   return 0;
| }
configure:7331: result: yes
configure:7340: checking for off_t
configure:7340: /home/daniel/emsdk/upstream/emscripten/emcc -c -O3 -ffast-math  conftest.c >&5
configure:7340: $? = 0
configure:7340: /home/daniel/emsdk/upstream/emscripten/emcc -c -O3 -ffast-math  conftest.c >&5
conftest.c:54:20: error: expected expression
   54 | if (sizeof ((off_t)))
      |                    ^
1 error generated.
configure:7340: $? = 1
configure: failed program was:
| /* confdefs.h */
| #define PACKAGE_NAME "xroar"
| #define PACKAGE_TARNAME "xroar"
| #define PACKAGE_VERSION "1.11"
| #define PACKAGE_STRING "xroar 1.11"
| #define PACKAGE_BUGREPORT ""
| #define PACKAGE_URL ""
| #define PACKAGE "xroar"
| #define VERSION "1.11"
| #define HAVE_STDIO_H 1
| #define HAVE_STDLIB_H 1
| #define HAVE_STRING_H 1
| #define HAVE_INTTYPES_H 1
| #define HAVE_STDINT_H 1
| #define HAVE_STRINGS_H 1
| #define HAVE_SYS_STAT_H 1
| #define HAVE_SYS_TYPES_H 1
| #define HAVE_UNISTD_H 1
| #define STDC_HEADERS 1
| #define HAVE_ENDIAN_H 1
| #define HAVE_REGEX_H 1
| /* end confdefs.h.  */
| #include <stddef.h>
| #ifdef HAVE_STDIO_H
| # include <stdio.h>
| #endif
| #ifdef HAVE_STDLIB_H
| # include <stdlib.h>
| #endif
| #ifdef HAVE_STRING_H
| # include <string.h>
| #endif
| #ifdef HAVE_INTTYPES_H
| # include <inttypes.h>
| #endif
| #ifdef HAVE_STDINT_H
| # include <stdint.h>
| #endif
| #ifdef HAVE_STRINGS_H
| # include <strings.h>
| #endif
| #ifdef HAVE_SYS_TYPES_H
| # include <sys/types.h>
| #endif
| #ifdef HAVE_SYS_STAT_H
| # include <sys/stat.h>
| #endif
| #ifdef HAVE_UNISTD_H
| # include <unistd.h>
| #endif
| int
| main (void)
| {
| if (sizeof ((off_t)))
| 	    return 0;
|   ;
|   return 0;
| }
configure:7340: result: yes
configure:7350: checking for size_t
configure:7350: /home/daniel/emsdk/upstream/emscripten/emcc -c -O3 -ffast-math  conftest.c >&5
configure:7350: $? = 0
configure:7350: /home/daniel/emsdk/upstream/emscripten/emcc -c -O3 -ffast-math  conftest.c >&5
conftest.c:54:21: error: expected expression
   54 | if (sizeof ((size_t)))
      |                     ^
1 error generated.
configure:7350: $? = 1
configure: failed program was:
| /* confdefs.h */
| #define PACKAGE_NAME "xroar"
| #define PACKAGE_TARNAME "xroar"
| #define PACKAGE_VERSION "1.11"
| #define PACKAGE_STRING "xroar 1.11"
| #define PACKAGE_BUGREPORT ""
| #define PACKAGE_URL ""
| #define PACKAGE "xroar"
| #define VERSION "1.11"
| #define HAVE_STDIO_H 1
| #define HAVE_STDLIB_H 1
| #define HAVE_STRING_H 1
| #define HAVE_INTTYPES_H 1
| #define HAVE_STDINT_H 1
| #define HAVE_STRINGS_H 1
| #define HAVE_SYS_STAT_H 1
| #define HAVE_SYS_TYPES_H 1
| #define HAVE_UNISTD_H 1
| #define STDC_HEADERS 1
| #define HAVE_ENDIAN_H 1
| #define HAVE_REGEX_H 1
| /* end confdefs.h.  */
| #include <stddef.h>
| #ifdef HAVE_STDIO_H
| # include <stdio.h>
| #endif
| #ifdef HAVE_STDLIB_H
| # include <stdlib.h>
| #endif
| #ifdef HAVE_STRING_H
| # include <string.h>
| #endif
| #ifdef HAVE_INTTYPES_H
| # include <inttypes.h>
| #endif
| #ifdef HAVE_STDINT_H
| # include <stdint.h>
| #endif
| #ifdef HAVE_STRINGS_H
| # include <strings.h>
| #endif
| #ifdef HAVE_SYS_TYPES_H
| # include <sys/types.h>
| #endif
| #ifdef HAVE_SYS_STAT_H
| # include <sys/stat.h>
| #endif
| #ifdef HAVE_UNISTD_H
| # include <unistd.h>
| #endif
| int
| main (void)
| {
| if (sizeof ((size_t)))
| 	    return 0;
|   ;
|   return 0;
| }
configure:7350: result: yes
configure:7360: checking for ssize_t
configure:7360: /home/daniel/emsdk/upstream/emscripten/emcc -c -O3 -ffast-math  conftest.c >&5
configure:7360: $? = 0
configure:7360: /home/daniel/emsdk/upstream/emscripten/emcc -c -O3 -ffast-math  conftest.c >&5
conftest.c:54:22: error: expected expression
   54 | if (sizeof ((ssize_t)))
      |                      ^
1 error generated.
configure:7360: $? = 1
configure: failed program was:
| /* confdefs.h */
| #define PACKAGE_NAME "xroar"
| #define PACKAGE_TARNAME "xroar"
| #define PACKAGE_VERSION "1.11"
| #define PACKAGE_STRING "xroar 1.11"
| #define PACKAGE_BUGREPORT ""
| #define PACKAGE_URL ""
| #define PACKAGE "xroar"
| #define VERSION "1.11"
| #define HAVE_STDIO_H 1
| #define HAVE_STDLIB_H 1
| #define HAVE_STRING_H 1
| #define HAVE_INTTYPES_H 1
| #define HAVE_STDINT_H 1
| #define HAVE_STRINGS_H 1
| #define HAVE_SYS_STAT_H 1
| #define HAVE_SYS_TYPES_H 1
| #define HAVE_UNISTD_H 1
| #define STDC_HEADERS 1
| #define HAVE_ENDIAN_H 1
| #define HAVE_REGEX_H 1
| /* end confdefs.h.  */
| #include <stddef.h>
| #ifdef HAVE_STDIO_H
| # include <stdio.h>
| #endif
| #ifdef HAVE_STDLIB_H
| # include <stdlib.h>
| #endif
| #ifdef HAVE_STRING_H
| # include <string.h>
| #endif
| #ifdef HAVE_INTTYPES_H
| # include <inttypes.h>
| #endif
| #ifdef HAVE_STDINT_H
| # include <stdint.h>
| #endif
| #ifdef HAVE_STRINGS_H
| # include <strings.h>
| #endif
| #ifdef HAVE_SYS_TYPES_H
| # include <sys/types.h>
| #endif
| #ifdef HAVE_SYS_STAT_H
| # include <sys/stat.h>
| #endif
| #ifdef HAVE_UNISTD_H
| # include <unistd.h>
| #endif
| int
| main (void)
| {
| if (sizeof ((ssize_t)))
| 	    return 0;
|   ;
|   return 0;
| }
configure:7360: result: yes
configure:7370: checking for uint16_t
configure:7370: /home/daniel/emsdk/upstream/emscripten/emcc -c -O3 -ffast-math  conftest.c >&5
configure:7370: $? = 0
configure:7370: result: yes
configure:7380: checking for uint32_t
configure:7380: /home/daniel/emsdk/upstream/emscripten/emcc -c -O3 -ffast-math  conftest.c >&5
configure:7380: $? = 0
configure:7380: result: yes
configure:7392: checking for uint8_t
configure:7392: /home/daniel/emsdk/upstream/emscripten/emcc -c -O3 -ffast-math  conftest.c >&5
configure:7392: $? = 0
configure:7392: result: yes
configure:7408: checking size of float
configure:7414: /home/daniel/emsdk/upstream/emscripten/emcc -o conftest -O3 -ffast-math   conftest.c  >&5
configure:7414: $? = 0
configure:7414: ./conftest
configure:7414: $? = 0
configure:7429: result: 4
configure:7441: checking size of double
configure:7447: /home/daniel/emsdk/upstream/emscripten/emcc -o conftest -O3 -ffast-math   conftest.c  >&5
configure:7447: $? = 0
configure:7447: ./conftest
configure:7447: $? = 0
configure:7462: result: 8
configure:7472: checking for getaddrinfo
configure:7472: /home/daniel/emsdk/upstream/emscripten/emcc -o conftest -O3 -ffast-math   conftest.c  >&5
configure:7472: $? = 0
configure:7472: result: yes
configure:7478: checking for popen
configure:7478: /home/daniel/emsdk/upstream/emscripten/emcc -o conftest -O3 -ffast-math   conftest.c  >&5
wasm-ld: warning: function signature mismatch: popen
>>> defined as () -> i32 in /tmp/emscripten_temp_tkcj4kj0/conftest.o
>>> defined as (i32, i32) -> i32 in /home/daniel/emsdk/upstream/emscripten/cache/sysroot/lib/wasm32-emscripten/libstubs.a(emscripten_libc_stubs.o)
configure:7478: $? = 0
configure:7478: result: yes
configure:7484: checking for strnlen
configure:7484: /home/daniel/emsdk/upstream/emscripten/emcc -o conftest -O3 -ffast-math   conftest.c  >&5
wasm-ld: warning: function signature mismatch: strnlen
>>> defined as () -> i32 in /tmp/emscripten_temp_mxhemoqe/conftest.o
>>> defined as (i32, i32) -> i32 in /home/daniel/emsdk/upstream/emscripten/cache/sysroot/lib/wasm32-emscripten/libc.a(strnlen.o)
configure:7484: $? = 0
configure:7484: result: yes
configure:7490: checking for strsep
configure:7490: /home/daniel/emsdk/upstream/emscripten/emcc -o conftest -O3 -ffast-math   conftest.c  >&5
wasm-ld: warning: function signature mismatch: strsep
>>> defined as () -> i32 in /tmp/emscripten_temp_z02h72vi/conftest.o
>>> defined as (i32, i32) -> i32 in /home/daniel/emsdk/upstream/emscripten/cache/sysroot/lib/wasm32-emscripten/libc.a(strsep.o)
configure:7490: $? = 0
configure:7490: result: yes
configure:7500: checking for __builtin_expect
configure:7520: /home/daniel/emsdk/upstream/emscripten/emcc -o conftest -O3 -ffast-math   conftest.c  >&5
conftest.c:34:13: warning: ignoring return value of function declared with const attribute [-Wunused-value]
   34 |             __builtin_expect(0, 0)
      |             ^~~~~~~~~~~~~~~~~~~~~~
1 warning generated.
configure:7520: $? = 0
configure:7530: result: yes
configure:7545: checking for __builtin_parity
configure:7565: /home/daniel/emsdk/upstream/emscripten/emcc -o conftest -O3 -ffast-math   conftest.c  >&5
conftest.c:35:13: warning: ignoring return value of function declared with const attribute [-Wunused-value]
   35 |             __builtin_parity(0)
      |             ^~~~~~~~~~~~~~~~~~~
1 warning generated.
configure:7565: $? = 0
configure:7575: result: yes
configure:7590: checking for __attribute__((const))
configure:7612: /home/daniel/emsdk/upstream/emscripten/emcc -o conftest -O3 -ffast-math   conftest.c  >&5
configure:7612: $? = 0
configure:7627: result: yes
configure:7642: checking for __attribute__((format))
configure:7664: /home/daniel/emsdk/upstream/emscripten/emcc -o conftest -O3 -ffast-math   conftest.c  >&5
configure:7664: $? = 0
configure:7679: result: yes
configure:7694: checking for __attribute__((malloc))
configure:7716: /home/daniel/emsdk/upstream/emscripten/emcc -o conftest -O3 -ffast-math   conftest.c  >&5
configure:7716: $? = 0
configure:7731: result: yes
configure:7746: checking for __attribute__((nonnull))
configure:7768: /home/daniel/emsdk/upstream/emscripten/emcc -o conftest -O3 -ffast-math   conftest.c  >&5
configure:7768: $? = 0
configure:7783: result: yes
configure:7798: checking for __attribute__((noreturn))
configure:7820: /home/daniel/emsdk/upstream/emscripten/emcc -o conftest -O3 -ffast-math   conftest.c  >&5
configure:7820: $? = 0
configure:7835: result: yes
configure:7850: checking for __attribute__((pure))
configure:7872: /home/daniel/emsdk/upstream/emscripten/emcc -o conftest -O3 -ffast-math   conftest.c  >&5
configure:7872: $? = 0
configure:7887: result: yes
configure:7902: checking for __attribute__((returns_nonnull))
configure:7924: /home/daniel/emsdk/upstream/emscripten/emcc -o conftest -O3 -ffast-math   conftest.c  >&5
configure:7924: $? = 0
configure:7939: result: yes
configure:7954: checking for __attribute__((nonstring))
configure:7978: /home/daniel/emsdk/upstream/emscripten/emcc -o conftest -O3 -ffast-math   conftest.c  >&5
configure:7978: $? = 0
configure:7993: result: yes
configure:8008: checking for __attribute__((packed))
configure:8034: /home/daniel/emsdk/upstream/emscripten/emcc -o conftest -O3 -ffast-math   conftest.c  >&5
configure:8034: $? = 0
configure:8049: result: yes
configure:8067: checking how to run the C preprocessor
configure:8093: /home/daniel/emsdk/upstream/emscripten/emcc -E  conftest.c
configure:8093: $? = 0
configure:8108: /home/daniel/emsdk/upstream/emscripten/emcc -E  conftest.c
conftest.c:40:10: fatal error: 'ac_nonexistent.h' file not found
   40 | #include <ac_nonexistent.h>
      |          ^~~~~~~~~~~~~~~~~~
1 error generated.
configure:8108: $? = 1
configure: failed program was:
| /* confdefs.h */
| #define PACKAGE_NAME "xroar"
| #define PACKAGE_TARNAME "xroar"
| #define PACKAGE_VERSION "1.11"
| #define PACKAGE_STRING "xroar 1.11"
| #define PACKAGE_BUGREPORT ""
| #define PACKAGE_URL ""
| #define PACKAGE "xroar"
| #define VERSION "1.11"
| #define HAVE_STDIO_H 1
| #define HAVE_STDLIB_H 1
| #define HAVE_STRING_H 1
| #define HAVE_INTTYPES_H 1
| #define HAVE_STDINT_H 1
| #define HAVE_STRINGS_H 1
| #define HAVE_SYS_STAT_H 1
| #define HAVE_SYS_TYPES_H 1
| #define HAVE_UNISTD_H 1
| #define STDC_HEADERS 1
| #define HAVE_ENDIAN_H 1
| #define HAVE_REGEX_H 1
| #define SIZEOF_FLOAT 4
| #define SIZEOF_DOUBLE 8
| #define HAVE_GETADDRINFO 1
| #define HAVE_POPEN 1
| #define HAVE_STRNLEN 1
| #define HAVE_STRSEP 1
| #define HAVE___BUILTIN_EXPECT 1
| #define HAVE___BUILTIN_PARITY 1
| #define HAVE_FUNC_ATTRIBUTE_CONST 1
| #define HAVE_FUNC_ATTRIBUTE_FORMAT 1
| #define HAVE_FUNC_ATTRIBUTE_MALLOC 1
| #define HAVE_FUNC_ATTRIBUTE_NONNULL 1
| #define HAVE_FUNC_ATTRIBUTE_NORETURN 1
| #define HAVE_FUNC_ATTRIBUTE_PURE 1
| #define HAVE_FUNC_ATTRIBUTE_RETURNS_NONNULL 1
| #define HAVE_VAR_ATTRIBUTE_NONSTRING 1
| #define HAVE_VAR_ATTRIBUTE_PACKED 1
| /* end confdefs.h.  */
| #include <ac_nonexistent.h>
configure:8135: result: /home/daniel/emsdk/upstream/emscripten/emcc -E
configure:8149: /home/daniel/emsdk/upstream/emscripten/emcc -E  conftest.c
configure:8149: $? = 0
configure:8164: /home/daniel/emsdk/upstream/emscripten/emcc -E  conftest.c
conftest.c:40:10: fatal error: 'ac_nonexistent.h' file not found
   40 | #include <ac_nonexistent.h>
      |          ^~~~~~~~~~~~~~~~~~
1 error generated.
configure:8164: $? = 1
configure: failed program was:
| /* confdefs.h */
| #define PACKAGE_NAME "xroar"
| #define PACKAGE_TARNAME "xroar"
| #define PACKAGE_VERSION "1.11"
| #define PACKAGE_STRING "xroar 1.11"
| #define PACKAGE_BUGREPORT ""
| #define PACKAGE_URL ""
| #define PACKAGE "xroar"
| #define VERSION "1.11"
| #define HAVE_STDIO_H 1
| #define HAVE_STDLIB_H 1
| #define HAVE_STRING_H 1
| #define HAVE_INTTYPES_H 1
| #define HAVE_STDINT_H 1
| #define HAVE_STRINGS_H 1
| #define HAVE_SYS_STAT_H 1
| #define HAVE_SYS_TYPES_H 1
| #define HAVE_UNISTD_H 1
| #define STDC_HEADERS 1
| #define HAVE_ENDIAN_H 1
| #define HAVE_REGEX_H 1
| #define SIZEOF_FLOAT 4
| #define SIZEOF_DOUBLE 8
| #define HAVE_GETADDRINFO 1
| #define HAVE_POPEN 1
| #define HAVE_STRNLEN 1
| #define HAVE_STRSEP 1
| #define HAVE___BUILTIN_EXPECT 1
| #define HAVE___BUILTIN_PARITY 1
| #define HAVE_FUNC_ATTRIBUTE_CONST 1
| #define HAVE_FUNC_ATTRIBUTE_FORMAT 1
| #define HAVE_FUNC_ATTRIBUTE_MALLOC 1
| #define HAVE_FUNC_ATTRIBUTE_NONNULL 1
| #define HAVE_FUNC_ATTRIBUTE_NORETURN 1
| #define HAVE_FUNC_ATTRIBUTE_PURE 1
| #define HAVE_FUNC_ATTRIBUTE_RETURNS_NONNULL 1
| #define HAVE_VAR_ATTRIBUTE_NONSTRING 1
| #define HAVE_VAR_ATTRIBUTE_PACKED 1
| /* end confdefs.h.  */
| #include <ac_nonexistent.h>
configure:8195: checking for X
configure:8233: /home/daniel/emsdk/upstream/emscripten/emcc -o conftest -O3 -ffast-math   conftest.c -lX11  >&5
wasm-ld: error: /tmp/emscripten_temp_9c4owh79/conftest.o: undefined symbol: XrmInitialize
emcc: error: '/home/daniel/emsdk/upstream/bin/wasm-ld -o conftest.wasm /tmp/tmp0xrei8eslibemscripten_js_symbols.so -Bstatic --strip-debug --export=_emscripten_stack_alloc --export=__funcs_on_exit --export=__wasm_call_ctors --export=emscripten_stack_get_current --export=_emscripten_stack_restore --export-if-defined=__start_em_asm --export-if-defined=__stop_em_asm --export-if-defined=__start_em_lib_deps --export-if-defined=__stop_em_lib_deps --export-if-defined=__start_em_js --export-if-defined=__stop_em_js --export-if-defined=main --export-if-defined=__main_argc_argv --export-if-defined=fflush --export-table -z stack-size=65536 --no-growable-memory --initial-heap=16777216 --no-entry --no-stack-first --table-base=1 --global-base=1024 /tmp/emscripten_temp_9c4owh79/conftest.o -L/home/daniel/emsdk/upstream/emscripten/cache/sysroot/lib/wasm32-emscripten -L/home/daniel/emsdk/upstream/emscripten/src/lib -lGL-getprocaddr -lal -lhtml5 -lstubs -lc -ldlmalloc -lclang_rt.builtins -lc++-noexcept -lc++abi-noexcept -lsockets -mllvm -combiner-global-alias-analysis=false -mllvm -enable-emscripten-sjlj -mllvm -disable-lsr' failed (returned 1)
configure:8233: $? = 1
configure: failed program was:
| /* confdefs.h */
| #define PACKAGE_NAME "xroar"
| #define PACKAGE_TARNAME "xroar"
| #define PACKAGE_VERSION "1.11"
| #define PACKAGE_STRING "xroar 1.11"
| #define PACKAGE_BUGREPORT ""
| #define PACKAGE_URL ""
| #define PACKAGE "xroar"
| #define VERSION "1.11"
| #define HAVE_STDIO_H 1
| #define HAVE_STDLIB_H 1
| #define HAVE_STRING_H 1
| #define HAVE_INTTYPES_H 1
| #define HAVE_STDINT_H 1
| #define HAVE_STRINGS_H 1
| #define HAVE_SYS_STAT_H 1
| #define HAVE_SYS_TYPES_H 1
| #define HAVE_UNISTD_H 1
| #define STDC_HEADERS 1
| #define HAVE_ENDIAN_H 1
| #define HAVE_REGEX_H 1
| #define SIZEOF_FLOAT 4
| #define SIZEOF_DOUBLE 8
| #define HAVE_GETADDRINFO 1
| #define HAVE_POPEN 1
| #define HAVE_STRNLEN 1
| #define HAVE_STRSEP 1
| #define HAVE___BUILTIN_EXPECT 1
| #define HAVE___BUILTIN_PARITY 1
| #define HAVE_FUNC_ATTRIBUTE_CONST 1
| #define HAVE_FUNC_ATTRIBUTE_FORMAT 1
| #define HAVE_FUNC_ATTRIBUTE_MALLOC 1
| #define HAVE_FUNC_ATTRIBUTE_NONNULL 1
| #define HAVE_FUNC_ATTRIBUTE_NORETURN 1
| #define HAVE_FUNC_ATTRIBUTE_PURE 1
| #define HAVE_FUNC_ATTRIBUTE_RETURNS_NONNULL 1
| #define HAVE_VAR_ATTRIBUTE_NONSTRING 1
| #define HAVE_VAR_ATTRIBUTE_PACKED 1
| /* end confdefs.h.  */
| #include <X11/Xlib.h>
| int
| main (void)
| {
| XrmInitialize ()
|   ;
|   return 0;
| }
configure:8335: /home/daniel/emsdk/upstream/emscripten/emcc -E  conftest.c
configure:8335: $? = 0
configure:8367: /home/daniel/emsdk/upstream/emscripten/emcc -o conftest -O3 -ffast-math   conftest.c -lX11  >&5
wasm-ld: error: /tmp/emscripten_temp_3d223c4y/conftest.o: undefined symbol: XrmInitialize
emcc: error: '/home/daniel/emsdk/upstream/bin/wasm-ld -o conftest.wasm /tmp/tmp6qu2r97jlibemscripten_js_symbols.so -Bstatic --strip-debug --export=_emscripten_stack_alloc --export=__funcs_on_exit --export=__wasm_call_ctors --export=emscripten_stack_get_current --export=_emscripten_stack_restore --export-if-defined=__start_em_asm --export-if-defined=__stop_em_asm --export-if-defined=__start_em_lib_deps --export-if-defined=__stop_em_lib_deps --export-if-defined=__start_em_js --export-if-defined=__stop_em_js --export-if-defined=main --export-if-defined=__main_argc_argv --export-if-defined=fflush --export-table -z stack-size=65536 --no-growable-memory --initial-heap=16777216 --no-entry --no-stack-first --table-base=1 --global-base=1024 /tmp/emscripten_temp_3d223c4y/conftest.o -L/home/daniel/emsdk/upstream/emscripten/cache/sysroot/lib/wasm32-emscripten -L/home/daniel/emsdk/upstream/emscripten/src/lib -lGL-getprocaddr -lal -lhtml5 -lstubs -lc -ldlmalloc -lclang_rt.builtins -lc++-noexcept -lc++abi-noexcept -lsockets -mllvm -combiner-global-alias-analysis=false -mllvm -enable-emscripten-sjlj -mllvm -disable-lsr' failed (returned 1)
configure:8367: $? = 1
configure: failed program was:
| /* confdefs.h */
| #define PACKAGE_NAME "xroar"
| #define PACKAGE_TARNAME "xroar"
| #define PACKAGE_VERSION "1.11"
| #define PACKAGE_STRING "xroar 1.11"
| #define PACKAGE_BUGREPORT ""
| #define PACKAGE_URL ""
| #define PACKAGE "xroar"
| #define VERSION "1.11"
| #define HAVE_STDIO_H 1
| #define HAVE_STDLIB_H 1
| #define HAVE_STRING_H 1
| #define HAVE_INTTYPES_H 1
| #define HAVE_STDINT_H 1
| #define HAVE_STRINGS_H 1
| #define HAVE_SYS_STAT_H 1
| #define HAVE_SYS_TYPES_H 1
| #define HAVE_UNISTD_H 1
| #define STDC_HEADERS 1
| #define HAVE_ENDIAN_H 1
| #define HAVE_REGEX_H 1
| #define SIZEOF_FLOAT 4
| #define SIZEOF_DOUBLE 8
| #define HAVE_GETADDRINFO 1
| #define HAVE_POPEN 1
| #define HAVE_STRNLEN 1
| #define HAVE_STRSEP 1
| #define HAVE___BUILTIN_EXPECT 1
| #define HAVE___BUILTIN_PARITY 1
| #define HAVE_FUNC_ATTRIBUTE_CONST 1
| #define HAVE_FUNC_ATTRIBUTE_FORMAT 1
| #define HAVE_FUNC_ATTRIBUTE_MALLOC 1
| #define HAVE_FUNC_ATTRIBUTE_NONNULL 1
| #define HAVE_FUNC_ATTRIBUTE_NORETURN 1
| #define HAVE_FUNC_ATTRIBUTE_PURE 1
| #define HAVE_FUNC_ATTRIBUTE_RETURNS_NONNULL 1
| #define HAVE_VAR_ATTRIBUTE_NONSTRING 1
| #define HAVE_VAR_ATTRIBUTE_PACKED 1
| /* end confdefs.h.  */
| #include <X11/Xlib.h>
| int
| main (void)
| {
| XrmInitialize ()
|   ;
|   return 0;
| }
configure:8409: result: no
configure:9526: checking for pkg-config
configure:9549: found /usr/bin/pkg-config
configure:9561: result: /usr/bin/pkg-config
configure:9586: checking pkg-config is at least version 0.9.0
configure:9589: result: yes
configure:10062: checking whether byte ordering is bigendian
configure:10078: /home/daniel/emsdk/upstream/emscripten/emcc -c -O3 -ffast-math  conftest.c >&5
conftest.c:54:9: error: unknown type name 'not'
   54 |                not a universal capable compiler
      |                ^
conftest.c:54:14: error: expected ';' after top level declarator
   54 |                not a universal capable compiler
      |                     ^
      |                     ;
2 errors generated.
configure:10078: $? = 1
configure: failed program was:
| /* confdefs.h */
| #define PACKAGE_NAME "xroar"
| #define PACKAGE_TARNAME "xroar"
| #define PACKAGE_VERSION "1.11"
| #define PACKAGE_STRING "xroar 1.11"
| #define PACKAGE_BUGREPORT ""
| #define PACKAGE_URL ""
| #define PACKAGE "xroar"
| #define VERSION "1.11"
| #define HAVE_STDIO_H 1
| #define HAVE_STDLIB_H 1
| #define HAVE_STRING_H 1
| #define HAVE_INTTYPES_H 1
| #define HAVE_STDINT_H 1
| #define HAVE_STRINGS_H 1
| #define HAVE_SYS_STAT_H 1
| #define HAVE_SYS_TYPES_H 1
| #define HAVE_UNISTD_H 1
| #define STDC_HEADERS 1
| #define HAVE_ENDIAN_H 1
| #define HAVE_REGEX_H 1
| #define SIZEOF_FLOAT 4
| #define SIZEOF_DOUBLE 8
| #define HAVE_GETADDRINFO 1
| #define HAVE_POPEN 1
| #define HAVE_STRNLEN 1
| #define HAVE_STRSEP 1
| #define HAVE___BUILTIN_EXPECT 1
| #define HAVE___BUILTIN_PARITY 1
| #define HAVE_FUNC_ATTRIBUTE_CONST 1
| #define HAVE_FUNC_ATTRIBUTE_FORMAT 1
| #define HAVE_FUNC_ATTRIBUTE_MALLOC 1
| #define HAVE_FUNC_ATTRIBUTE_NONNULL 1
| #define HAVE_FUNC_ATTRIBUTE_NORETURN 1
| #define HAVE_FUNC_ATTRIBUTE_PURE 1
| #define HAVE_FUNC_ATTRIBUTE_RETURNS_NONNULL 1
| #define HAVE_VAR_ATTRIBUTE_NONSTRING 1
| #define HAVE_VAR_ATTRIBUTE_PACKED 1
| #define X_DISPLAY_MISSING 1
| #define WANT_MACHINE_ARCH_DRAGON 1
| #define WANT_MACHINE_ARCH_COCO3 1
| #define WANT_MACHINE_ARCH_MC10 1
| #define WANT_CART_ARCH_DRAGON 1
| #define WANT_CART_ARCH_MC10 1
| #define WANT_PART_MC6801 1
| #define WANT_PART_MC6809 1
| #define WANT_PART_MC6821 1
| #define WANT_PART_MC6847 1
| #define WANT_PART_MC6883 1
| #define WANT_PART_TCC1014 1
| #define HAVE_WASM 1
| /* end confdefs.h.  */
| #ifndef __APPLE_CC__
| 	       not a universal capable compiler
| 	     #endif
| 	     typedef int dummy;
| 
configure:10124: /home/daniel/emsdk/upstream/emscripten/emcc -c -O3 -ffast-math  conftest.c >&5
configure:10124: $? = 0
configure:10143: /home/daniel/emsdk/upstream/emscripten/emcc -c -O3 -ffast-math  conftest.c >&5
conftest.c:60:4: error: use of undeclared identifier 'not'
   60 |                  not big endian
      |                  ^~~
1 error generated.
configure:10143: $? = 1
configure: failed program was:
| /* confdefs.h */
| #define PACKAGE_NAME "xroar"
| #define PACKAGE_TARNAME "xroar"
| #define PACKAGE_VERSION "1.11"
| #define PACKAGE_STRING "xroar 1.11"
| #define PACKAGE_BUGREPORT ""
| #define PACKAGE_URL ""
| #define PACKAGE "xroar"
| #define VERSION "1.11"
| #define HAVE_STDIO_H 1
| #define HAVE_STDLIB_H 1
| #define HAVE_STRING_H 1
| #define HAVE_INTTYPES_H 1
| #define HAVE_STDINT_H 1
| #define HAVE_STRINGS_H 1
| #define HAVE_SYS_STAT_H 1
| #define HAVE_SYS_TYPES_H 1
| #define HAVE_UNISTD_H 1
| #define STDC_HEADERS 1
| #define HAVE_ENDIAN_H 1
| #define HAVE_REGEX_H 1
| #define SIZEOF_FLOAT 4
| #define SIZEOF_DOUBLE 8
| #define HAVE_GETADDRINFO 1
| #define HAVE_POPEN 1
| #define HAVE_STRNLEN 1
| #define HAVE_STRSEP 1
| #define HAVE___BUILTIN_EXPECT 1
| #define HAVE___BUILTIN_PARITY 1
| #define HAVE_FUNC_ATTRIBUTE_CONST 1
| #define HAVE_FUNC_ATTRIBUTE_FORMAT 1
| #define HAVE_FUNC_ATTRIBUTE_MALLOC 1
| #define HAVE_FUNC_ATTRIBUTE_NONNULL 1
| #define HAVE_FUNC_ATTRIBUTE_NORETURN 1
| #define HAVE_FUNC_ATTRIBUTE_PURE 1
| #define HAVE_FUNC_ATTRIBUTE_RETURNS_NONNULL 1
| #define HAVE_VAR_ATTRIBUTE_NONSTRING 1
| #define HAVE_VAR_ATTRIBUTE_PACKED 1
| #define X_DISPLAY_MISSING 1
| #define WANT_MACHINE_ARCH_DRAGON 1
| #define WANT_MACHINE_ARCH_COCO3 1
| #define WANT_MACHINE_ARCH_MC10 1
| #define WANT_CART_ARCH_DRAGON 1
| #define WANT_CART_ARCH_MC10 1
| #define WANT_PART_MC6801 1
| #define WANT_PART_MC6809 1
| #define WANT_PART_MC6821 1
| #define WANT_PART_MC6847 1
| #define WANT_PART_MC6883 1
| #define WANT_PART_TCC1014 1
| #define HAVE_WASM 1
| /* end confdefs.h.  */
| #include <sys/types.h>
| 		#include <sys/param.h>
| 
| int
| main (void)
| {
| #if BYTE_ORDER != BIG_ENDIAN
| 		 not big endian
| 		#endif
| 
|   ;
|   return 0;
| }
configure:10277: result: no
configure:10977: checking for gtkglext-1.0
configure:10984: $PKG_CONFIG --exists --print-errors "gtkglext-1.0"
Package gtkglext-1.0 was not found in the pkg-config search path.
Perhaps you should add the directory containing `gtkglext-1.0.pc'
to the PKG_CONFIG_PATH environment variable
No package 'gtkglext-1.0' found
configure:10987: $? = 1
configure:11001: $PKG_CONFIG --exists --print-errors "gtkglext-1.0"
Package gtkglext-1.0 was not found in the pkg-config search path.
Perhaps you should add the directory containing `gtkglext-1.0.pc'
to the PKG_CONFIG_PATH environment variable
No package 'gtkglext-1.0' found
configure:11004: $? = 1
configure:11018: result: no
No package 'gtkglext-1.0' found
configure:12163: checking for sdl2 >= 2.0.0
configure:12228: result: yes
configure:12499: checking if SDL2 is usable
configure:12509: /home/daniel/emsdk/upstream/emscripten/emcc -o conftest -O3 -ffast-math --use-port=sdl2   conftest.c  --use-port=sdl2 >&5
configure:12509: $? = 0
configure:12512: result: yes
configure:12682: checking if SDL2_image is usable
configure:12692: /home/daniel/emsdk/upstream/emscripten/emcc -o conftest -O3 -ffast-math --use-port=sdl2   conftest.c  --use-port=sdl2 -lSDL2_image >&5
In file included from conftest.c:56:
/home/daniel/emsdk/upstream/emscripten/cache/sysroot/include/fakesdl/SDL_image.h:1:2: error: "To use the emscripten port of SDL use -sUSE_SDL or -sUSE_SDL=2"
    1 | #error "To use the emscripten port of SDL use -sUSE_SDL or -sUSE_SDL=2"
      |  ^
conftest.c:57:59: error: call to undeclared function 'IMG_Load'; ISO C99 and later do not support implicit function declarations [-Wimplicit-function-declaration]
   57 | int main(int argc, char **argv) { (void)argc; (void)argv; IMG_Load(""); return 0; }
      |                                                           ^
2 errors generated.
emcc: error: '/home/daniel/emsdk/upstream/bin/clang -target wasm32-unknown-emscripten -fignore-exceptions -mllvm -combiner-global-alias-analysis=false -mllvm -enable-emscripten-sjlj -mllvm -disable-lsr --sysroot=/home/daniel/emsdk/upstream/emscripten/cache/sysroot -isystem /home/daniel/emsdk/upstream/emscripten/cache/sysroot/include/SDL2 -Xclang -iwithsysroot/include/fakesdl -Xclang -iwithsysroot/include/compat -O3 -ffast-math -c conftest.c -o /tmp/emscripten_temp_8uyop31h/conftest.o' failed (returned 1)
configure:12692: $? = 1
configure: failed program was:
| /* confdefs.h */
| #define PACKAGE_NAME "xroar"
| #define PACKAGE_TARNAME "xroar"
| #define PACKAGE_VERSION "1.11"
| #define PACKAGE_STRING "xroar 1.11"
| #define PACKAGE_BUGREPORT ""
| #define PACKAGE_URL ""
| #define PACKAGE "xroar"
| #define VERSION "1.11"
| #define HAVE_STDIO_H 1
| #define HAVE_STDLIB_H 1
| #define HAVE_STRING_H 1
| #define HAVE_INTTYPES_H 1
| #define HAVE_STDINT_H 1
| #define HAVE_STRINGS_H 1
| #define HAVE_SYS_STAT_H 1
| #define HAVE_SYS_TYPES_H 1
| #define HAVE_UNISTD_H 1
| #define STDC_HEADERS 1
| #define HAVE_ENDIAN_H 1
| #define HAVE_REGEX_H 1
| #define SIZEOF_FLOAT 4
| #define SIZEOF_DOUBLE 8
| #define HAVE_GETADDRINFO 1
| #define HAVE_POPEN 1
| #define HAVE_STRNLEN 1
| #define HAVE_STRSEP 1
| #define HAVE___BUILTIN_EXPECT 1
| #define HAVE___BUILTIN_PARITY 1
| #define HAVE_FUNC_ATTRIBUTE_CONST 1
| #define HAVE_FUNC_ATTRIBUTE_FORMAT 1
| #define HAVE_FUNC_ATTRIBUTE_MALLOC 1
| #define HAVE_FUNC_ATTRIBUTE_NONNULL 1
| #define HAVE_FUNC_ATTRIBUTE_NORETURN 1
| #define HAVE_FUNC_ATTRIBUTE_PURE 1
| #define HAVE_FUNC_ATTRIBUTE_RETURNS_NONNULL 1
| #define HAVE_VAR_ATTRIBUTE_NONSTRING 1
| #define HAVE_VAR_ATTRIBUTE_PACKED 1
| #define X_DISPLAY_MISSING 1
| #define WANT_MACHINE_ARCH_DRAGON 1
| #define WANT_MACHINE_ARCH_COCO3 1
| #define WANT_MACHINE_ARCH_MC10 1
| #define WANT_CART_ARCH_DRAGON 1
| #define WANT_CART_ARCH_MC10 1
| #define WANT_PART_MC6801 1
| #define WANT_PART_MC6809 1
| #define WANT_PART_MC6821 1
| #define WANT_PART_MC6847 1
| #define WANT_PART_MC6883 1
| #define WANT_PART_TCC1014 1
| #define HAVE_WASM 1
| #define HAVE_SDL2 1
| /* end confdefs.h.  */
| 
| #include <SDL.h>
| #include <SDL_image.h>
| int main(int argc, char **argv) { (void)argc; (void)argv; IMG_Load(""); return 0; }
| 
configure:12700: result: no
configure:13288: checking that generated files are newer than configure
configure:13294: result: done
configure:13510: creating ./config.status

## ---------------------- ##
## Running config.status. ##
## ---------------------- ##

This file was extended by xroar config.status 1.11, which was
generated by GNU Autoconf 2.71.  Invocation command line was

  CONFIG_FILES    = 
  CONFIG_HEADERS  = 
  CONFIG_LINKS    = 
  CONFIG_COMMANDS = 
  $ ./config.status 

on Alpha

config.status:1058: creating Makefile
config.status:1058: creating portalib/Makefile
config.status:1058: creating src/Makefile
config.status:1058: creating doc/xroar.1
config.status:1058: creating doc/Makefile
config.status:1058: creating tools/Makefile
config.status:1058: creating config.h
config.status:1287: executing depfiles commands
config.status:1364: cd portalib       && sed -e '/# am--include-marker/d' Makefile         | make -f - am--depfiles
config.status:1369: $? = 0
config.status:1364: cd src       && sed -e '/# am--include-marker/d' Makefile         | make -f - am--depfiles
config.status:1369: $? = 0
config.status:1364: cd tools       && sed -e '/# am--include-marker/d' Makefile         | make -f - am--depfiles
config.status:1369: $? = 0

## ---------------- ##
## Cache variables. ##
## ---------------- ##

ac_cv_build=x86_64-pc-linux-gnu
ac_cv_c_bigendian=no
ac_cv_c_compiler_gnu=yes
ac_cv_c_int16_t=yes
ac_cv_c_int32_t=yes
ac_cv_c_int64_t=yes
ac_cv_c_int8_t=yes
ac_cv_c_uint16_t=yes
ac_cv_c_uint32_t=yes
ac_cv_c_uint8_t=yes
ac_cv_env_CC_set=set
ac_cv_env_CC_value=/home/daniel/emsdk/upstream/emscripten/emcc
ac_cv_env_CFLAGS_set=set
ac_cv_env_CFLAGS_value='-O3 -ffast-math'
ac_cv_env_CPPFLAGS_set=
ac_cv_env_CPPFLAGS_value=
ac_cv_env_CPP_set=
ac_cv_env_CPP_value=
ac_cv_env_EVDEV_CFLAGS_set=
ac_cv_env_EVDEV_CFLAGS_value=
ac_cv_env_EVDEV_LIBS_set=
ac_cv_env_EVDEV_LIBS_value=
ac_cv_env_GL_CFLAGS_set=
ac_cv_env_GL_CFLAGS_value=
ac_cv_env_GL_LIBS_set=
ac_cv_env_GL_LIBS_value=
ac_cv_env_GTK2_CFLAGS_set=
ac_cv_env_GTK2_CFLAGS_value=
ac_cv_env_GTK2_LIBS_set=
ac_cv_env_GTK2_LIBS_value=
ac_cv_env_GTK3_CFLAGS_set=
ac_cv_env_GTK3_CFLAGS_value=
ac_cv_env_GTK3_LIBS_set=
ac_cv_env_GTK3_LIBS_value=
ac_cv_env_GTKGL_CFLAGS_set=
ac_cv_env_GTKGL_CFLAGS_value=
ac_cv_env_GTKGL_LIBS_set=
ac_cv_env_GTKGL_LIBS_value=
ac_cv_env_JACK_CFLAGS_set=
ac_cv_env_JACK_CFLAGS_value=
ac_cv_env_JACK_LIBS_set=
ac_cv_env_JACK_LIBS_value=
ac_cv_env_LDFLAGS_set=
ac_cv_env_LDFLAGS_value=
ac_cv_env_LIBS_set=
ac_cv_env_LIBS_value=
ac_cv_env_OBJCFLAGS_set=
ac_cv_env_OBJCFLAGS_value=
ac_cv_env_OBJC_set=
ac_cv_env_OBJC_value=
ac_cv_env_PKG_CONFIG_LIBDIR_set=set
ac_cv_env_PKG_CONFIG_LIBDIR_value=/home/daniel/emsdk/upstream/emscripten/cache/sysroot/local/lib/pkgconfig:/home/daniel/emsdk/upstream/emscripten/cache/sysroot/lib/pkgconfig
ac_cv_env_PKG_CONFIG_PATH_set=set
ac_cv_env_PKG_CONFIG_PATH_value=
ac_cv_env_PKG_CONFIG_set=
ac_cv_env_PKG_CONFIG_value=
ac_cv_env_PNG_CFLAGS_set=
ac_cv_env_PNG_CFLAGS_value=
ac_cv_env_PNG_LIBS_set=
ac_cv_env_PNG_LIBS_value=
ac_cv_env_PULSE_CFLAGS_set=
ac_cv_env_PULSE_CFLAGS_value=
ac_cv_env_PULSE_LIBS_set=
ac_cv_env_PULSE_LIBS_value=
ac_cv_env_SDL2_FRAMEWORK_set=
ac_cv_env_SDL2_FRAMEWORK_value=
ac_cv_env_SDL3_CFLAGS_set=
ac_cv_env_SDL3_CFLAGS_value=
ac_cv_env_SDL3_LIBS_set=
ac_cv_env_SDL3_LIBS_value=
ac_cv_env_SDL_CFLAGS_set=
ac_cv_env_SDL_CFLAGS_value=
ac_cv_env_SDL_LIBS_set=
ac_cv_env_SDL_LIBS_value=
ac_cv_env_SNDFILE_CFLAGS_set=
ac_cv_env_SNDFILE_CFLAGS_value=
ac_cv_env_SNDFILE_LIBS_set=
ac_cv_env_SNDFILE_LIBS_value=
ac_cv_env_XMKMF_set=
ac_cv_env_XMKMF_value=
ac_cv_env_ZLIB_CFLAGS_set=
ac_cv_env_ZLIB_CFLAGS_value=
ac_cv_env_ZLIB_LIBS_set=
ac_cv_env_ZLIB_LIBS_value=
ac_cv_env_build_alias_set=
ac_cv_env_build_alias_value=
ac_cv_env_host_alias_set=
ac_cv_env_host_alias_value=
ac_cv_env_target_alias_set=
ac_cv_env_target_alias_value=
ac_cv_func_getaddrinfo=yes
ac_cv_func_popen=yes
ac_cv_func_strnlen=yes
ac_cv_func_strsep=yes
ac_cv_have_x=have_x=no
ac_cv_header_endian_h=yes
ac_cv_header_inttypes_h=yes
ac_cv_header_regex_h=yes
ac_cv_header_stdint_h=yes
ac_cv_header_stdio_h=yes
ac_cv_header_stdlib_h=yes
ac_cv_header_string_h=yes
ac_cv_header_strings_h=yes
ac_cv_header_sys_stat_h=yes
ac_cv_header_sys_types_h=yes
ac_cv_header_unistd_h=yes
ac_cv_host=x86_64-pc-linux-gnu
ac_cv_objc_compiler_gnu=no
ac_cv_objext=o
ac_cv_path_BUILD_PKG_CONFIG=/usr/bin/pkg-config
ac_cv_path_ac_pt_PKG_CONFIG=/usr/bin/pkg-config
ac_cv_path_install='/usr/bin/install -c'
ac_cv_path_mkdir=/usr/bin/mkdir
ac_cv_prog_AWK=gawk
ac_cv_prog_CPP='/home/daniel/emsdk/upstream/emscripten/emcc -E'
ac_cv_prog_ac_ct_CC=/home/daniel/emsdk/upstream/emscripten/emcc
ac_cv_prog_ac_ct_OBJC=gcc
ac_cv_prog_ac_ct_RANLIB=/home/daniel/emsdk/upstream/emscripten/emranlib
ac_cv_prog_cc_c11=
ac_cv_prog_cc_g=yes
ac_cv_prog_cc_stdc=
ac_cv_prog_make_make_set=yes
ac_cv_prog_objc_g=no
ac_cv_sizeof_double=8
ac_cv_sizeof_float=4
ac_cv_sys_file_offset_bits=no
ac_cv_sys_largefile_CC=no
ac_cv_type_off_t=yes
ac_cv_type_size_t=yes
ac_cv_type_ssize_t=yes
am_cv_CC_dependencies_compiler_type=gcc3
am_cv_OBJC_dependencies_compiler_type=gcc3
am_cv_ar_interface=ar
am_cv_make_support_nested_variables=yes
am_cv_prog_cc_c_o=yes
ax_cv_have___builtin_expect=yes
ax_cv_have___builtin_parity=yes
ax_cv_have_func_attribute_const=yes
ax_cv_have_func_attribute_format=yes
ax_cv_have_func_attribute_malloc=yes
ax_cv_have_func_attribute_nonnull=yes
ax_cv_have_func_attribute_noreturn=yes
ax_cv_have_func_attribute_pure=yes
ax_cv_have_func_attribute_returns_nonnull=yes
ax_cv_have_var_attribute_nonstring=yes
ax_cv_have_var_attribute_packed=yes
pkg_cv_SDL_CFLAGS=--use-port=sdl2
pkg_cv_SDL_LIBS=--use-port=sdl2

## ----------------- ##
## Output variables. ##
## ----------------- ##

ACLOCAL='${SHELL} '\''/home/daniel/src/xroar/missing'\'' aclocal-1.16'
ALSA_LIBS=''
AMDEPBACKSLASH='\'
AMDEP_FALSE='#'
AMDEP_TRUE=''
AMTAR='$${TAR-tar}'
AM_BACKSLASH='\'
AM_DEFAULT_V='$(AM_DEFAULT_VERBOSITY)'
AM_DEFAULT_VERBOSITY='0'
AM_V='$(V)'
AO_ALSA_FALSE=''
AO_ALSA_TRUE='#'
AO_COREAUDIO_FALSE=''
AO_COREAUDIO_TRUE='#'
AO_JACK_FALSE=''
AO_JACK_TRUE='#'
AO_NULL_FALSE=''
AO_NULL_TRUE='#'
AO_OSS_FALSE=''
AO_OSS_TRUE='#'
AO_PULSE_FALSE=''
AO_PULSE_TRUE='#'
AR='/home/daniel/emsdk/upstream/emscripten/emar'
AUTOCONF='${SHELL} '\''/home/daniel/src/xroar/missing'\'' autoconf'
AUTOHEADER='${SHELL} '\''/home/daniel/src/xroar/missing'\'' autoheader'
AUTOMAKE='${SHELL} '\''/home/daniel/src/xroar/missing'\'' automake-1.16'
AWK='gawk'
BECKER_FALSE=''
BECKER_TRUE='#'
BUILD_PKG_CONFIG='/usr/bin/pkg-config'
CART_ARCH_DRAGON_FALSE='#'
CART_ARCH_DRAGON_TRUE=''
CART_ARCH_MC10_FALSE='#'
CART_ARCH_MC10_TRUE=''
CC='/home/daniel/emsdk/upstream/emscripten/emcc'
CCDEPMODE='depmode=gcc3'
CFLAGS='-O3 -ffast-math'
COCOA_CFLAGS=''
COCOA_LIBS=''
COREAUDIO_LIBS=''
CPP='/home/daniel/emsdk/upstream/emscripten/emcc -E'
CPPFLAGS=''
CSCOPE='cscope'
CTAGS='ctags'
CYGPATH_W='echo'
DEFS='-DHAVE_CONFIG_H'
DEPDIR='.deps'
ECHO_C=''
ECHO_N='-n'
ECHO_T=''
ENABLE_SNAPSHOT_FALSE=''
ENABLE_SNAPSHOT_TRUE='#'
ETAGS='etags'
EVDEV_CFLAGS=''
EVDEV_FALSE=''
EVDEV_LIBS=''
EVDEV_TRUE='#'
EXEEXT='.js'
EXPERIMENTAL_FALSE=''
EXPERIMENTAL_TRUE='#'
FILEREQ_CLI_FALSE=''
FILEREQ_CLI_TRUE='#'
GDB_FALSE=''
GDB_TRUE='#'
GLIB_COMPILE_RESOURCES=''
GLIB_COMPILE_RESOURCES_FALSE=''
GLIB_COMPILE_RESOURCES_TRUE='#'
GL_CFLAGS=''
GL_LIBS=''
GTK2_CFLAGS=''
GTK2_FALSE=''
GTK2_LIBS=''
GTK2_TRUE='#'
GTK3_CFLAGS=''
GTK3_FALSE=''
GTK3_LIBS=''
GTK3_TRUE='#'
GTKGL_CFLAGS=''
GTKGL_FALSE=''
GTKGL_LIBS=''
GTKGL_TRUE='#'
INSTALL_DATA='${INSTALL} -m 644'
INSTALL_PROGRAM='${INSTALL}'
INSTALL_SCRIPT='${INSTALL}'
INSTALL_STRIP_PROGRAM='$(install_sh) -c -s'
JACK_CFLAGS=''
JACK_LIBS=''
JOYDEV_FALSE=''
JOYDEV_TRUE='#'
LDFLAGS=''
LIBOBJS=''
LIBS=''
LOGGING_FALSE='#'
LOGGING_TRUE=''
LTLIBOBJS=''
MACHINE_ARCH_COCO3_FALSE='#'
MACHINE_ARCH_COCO3_TRUE=''
MACHINE_ARCH_DRAGON_FALSE='#'
MACHINE_ARCH_DRAGON_TRUE=''
MACHINE_ARCH_MC10_FALSE='#'
MACHINE_ARCH_MC10_TRUE=''
MAKEINFO='${SHELL} '\''/home/daniel/src/xroar/missing'\'' makeinfo'
MANPAGE_DATE='January 2025'
MINGW_CFLAGS=''
MINGW_FALSE=''
MINGW_LIBS=''
MINGW_TRUE='#'
MKDIR_P='/usr/bin/mkdir -p'
OBJC='/home/daniel/emsdk/upstream/emscripten/emcc'
OBJCDEPMODE='depmode=gcc3'
OBJCFLAGS='-O3 -ffast-math'
OBJEXT='o'
OPENGL_FALSE=''
OPENGL_TRUE='#'
OSS_LIBS=''
PACKAGE='xroar'
PACKAGE_BUGREPORT=''
PACKAGE_NAME='xroar'
PACKAGE_STRING='xroar 1.11'
PACKAGE_TARNAME='xroar'
PACKAGE_TEXT='XRoar 1.11'
PACKAGE_URL=''
PACKAGE_VERSION='1.11'
PACKAGE_YEAR='2026'
PART_MC6801_FALSE='#'
PART_MC6801_TRUE=''
PART_MC6809_FALSE='#'
PART_MC6809_TRUE=''
PART_MC6821_FALSE='#'
PART_MC6821_TRUE=''
PART_MC6847_FALSE='#'
PART_MC6847_TRUE=''
PART_MC6883_FALSE='#'
PART_MC6883_TRUE=''
PART_TCC1014_FALSE='#'
PART_TCC1014_TRUE=''
PATH_SEPARATOR=':'
PKG_CONFIG='/usr/bin/pkg-config'
PKG_CONFIG_LIBDIR='/home/daniel/emsdk/upstream/emscripten/cache/sysroot/local/lib/pkgconfig:/home/daniel/emsdk/upstream/emscripten/cache/sysroot/lib/pkgconfig'
PKG_CONFIG_PATH=''
PNG_CFLAGS=''
PNG_FALSE=''
PNG_LIBS=''
PNG_TRUE='#'
PTHREADS_FALSE=''
PTHREADS_LIBS=''
PTHREADS_TRUE='#'
PULSE_CFLAGS=''
PULSE_LIBS=''
RANLIB='/home/daniel/emsdk/upstream/emscripten/emranlib'
RC=':'
RC_REV_MAJOR='0'
RC_REV_MINOR='0'
RC_VERSION='1.11.0.0'
RC_VER_MAJOR='1'
RC_VER_MINOR='11'
SCREENSHOT_FALSE=''
SCREENSHOT_TRUE='#'
SDL2_CONFIG='/usr/bin/pkg-config sdl2'
SDL2_FRAMEWORK=''
SDL2_IMAGE_FALSE=''
SDL2_IMAGE_LIBS='-lSDL2_image'
SDL2_IMAGE_TRUE='#'
SDL3_CFLAGS=''
SDL3_LIBS=''
SDL_CFLAGS='--use-port=sdl2'
SDL_LIBS='--use-port=sdl2'
SET_MAKE=''
SHELL='/bin/bash'
SNDFILE_CFLAGS=''
SNDFILE_FALSE=''
SNDFILE_LIBS=''
SNDFILE_TRUE='#'
STRIP=''
TRACE_FALSE=''
TRACE_TRUE='#'
TRAPS_FALSE=''
TRAPS_TRUE='#'
TRE_FALSE=''
TRE_LIBS=''
TRE_TRUE='#'
UI_COCOA_FALSE=''
UI_COCOA_TRUE='#'
UI_SDL2_FALSE='#'
UI_SDL2_TRUE=''
UI_SDL3_FALSE=''
UI_SDL3_TRUE='#'
VERSION='1.11'
WANT_UI_SDL_FALSE=''
WANT_UI_SDL_TRUE='#'
WASM_CFLAGS=''
WASM_FALSE='#'
WASM_LIBS='-s WASM=1 -s EXPORTED_FUNCTIONS='\''@wasm/exported_functions'\'' -s EXPORTED_RUNTIME_METHODS="['\''FS'\'','\''ccall'\'','\''cwrap'\'']"'
WASM_TRUE=''
X11_CFLAGS=''
X11_FALSE=''
X11_LIBS=''
X11_TRUE='#'
XMKMF=''
X_CFLAGS=''
X_EXTRA_LIBS=''
X_LIBS=''
X_PRE_LIBS=''
ZLIB_CFLAGS=''
ZLIB_FALSE=''
ZLIB_LIBS=''
ZLIB_TRUE='#'
ac_ct_AR=''
ac_ct_CC='/home/daniel/emsdk/upstream/emscripten/emcc'
ac_ct_OBJC='gcc'
am__EXEEXT_FALSE='#'
am__EXEEXT_TRUE=''
am__fastdepCC_FALSE='#'
am__fastdepCC_TRUE=''
am__fastdepOBJC_FALSE='#'
am__fastdepOBJC_TRUE=''
am__include='include'
am__isrc=''
am__leading_dot='.'
am__nodep='_no'
am__quote=''
am__tar='$${TAR-tar} chof - "$$tardir"'
am__untar='$${TAR-tar} xf -'
bindir='${exec_prefix}/bin'
build='x86_64-pc-linux-gnu'
build_alias=''
build_cpu='x86_64'
build_os='linux-gnu'
build_vendor='pc'
datadir='${datarootdir}'
datarootdir='${prefix}/share'
docdir='${datarootdir}/doc/${PACKAGE_TARNAME}'
dvidir='${docdir}'
exec_prefix='${prefix}'
host='x86_64-pc-linux-gnu'
host_alias=''
host_cpu='x86_64'
host_os='linux-gnu'
host_vendor='pc'
htmldir='${docdir}'
includedir='${prefix}/include'
infodir='${datarootdir}/info'
install_sh='${SHELL} /home/daniel/src/xroar/install-sh'
libdir='${exec_prefix}/lib'
libexecdir='${exec_prefix}/libexec'
localedir='${datarootdir}/locale'
localstatedir='${prefix}/var'
mandir='${datarootdir}/man'
mkdir_p='$(MKDIR_P)'
oldincludedir='/usr/include'
pdfdir='${docdir}'
prefix='/usr/local'
program_transform_name='s,x,x,'
psdir='${docdir}'
runstatedir='${localstatedir}/run'
sbindir='${exec_prefix}/sbin'
sharedstatedir='${prefix}/com'
sysconfdir='${prefix}/etc'
target_alias=''

## ----------- ##
## confdefs.h. ##
## ----------- ##

/* confdefs.h */
#define PACKAGE_NAME "xroar"
#define PACKAGE_TARNAME "xroar"
#define PACKAGE_VERSION "1.11"
#define PACKAGE_STRING "xroar 1.11"
#define PACKAGE_BUGREPORT ""
#define PACKAGE_URL ""
#define PACKAGE "xroar"
#define VERSION "1.11"
#define HAVE_STDIO_H 1
#define HAVE_STDLIB_H 1
#define HAVE_STRING_H 1
#define HAVE_INTTYPES_H 1
#define HAVE_STDINT_H 1
#define HAVE_STRINGS_H 1
#define HAVE_SYS_STAT_H 1
#define HAVE_SYS_TYPES_H 1
#define HAVE_UNISTD_H 1
#define STDC_HEADERS 1
#define HAVE_ENDIAN_H 1
#define HAVE_REGEX_H 1
#define SIZEOF_FLOAT 4
#define SIZEOF_DOUBLE 8
#define HAVE_GETADDRINFO 1
#define HAVE_POPEN 1
#define HAVE_STRNLEN 1
#define HAVE_STRSEP 1
#define HAVE___BUILTIN_EXPECT 1
#define HAVE___BUILTIN_PARITY 1
#define HAVE_FUNC_ATTRIBUTE_CONST 1
#define HAVE_FUNC_ATTRIBUTE_FORMAT 1
#define HAVE_FUNC_ATTRIBUTE_MALLOC 1
#define HAVE_FUNC_ATTRIBUTE_NONNULL 1
#define HAVE_FUNC_ATTRIBUTE_NORETURN 1
#define HAVE_FUNC_ATTRIBUTE_PURE 1
#define HAVE_FUNC_ATTRIBUTE_RETURNS_NONNULL 1
#define HAVE_VAR_ATTRIBUTE_NONSTRING 1
#define HAVE_VAR_ATTRIBUTE_PACKED 1
#define X_DISPLAY_MISSING 1
#define WANT_MACHINE_ARCH_DRAGON 1
#define WANT_MACHINE_ARCH_COCO3 1
#define WANT_MACHINE_ARCH_MC10 1
#define WANT_CART_ARCH_DRAGON 1
#define WANT_CART_ARCH_MC10 1
#define WANT_PART_MC6801 1
#define WANT_PART_MC6809 1
#define WANT_PART_MC6821 1
#define WANT_PART_MC6847 1
#define WANT_PART_MC6883 1
#define WANT_PART_TCC1014 1
#define HAVE_WASM 1
#define HAVE_SDL2 1
#define LOGGING 1
#define PACKAGE_TEXT "XRoar 1.11"
#define PACKAGE_YEAR "2026"
#define RC_REV_MAJOR 0
#define RC_REV_MINOR 0

configure: exit 0
