                      (HELLO.ASM        ):00001         ;
                      (HELLO.ASM        ):00002         ;  This needs to be updated and also syncronized with the Ch02
                      (HELLO.ASM        ):00003         ;
                      (HELLO.ASM        ):00004         ; ================================================================
                      (HELLO.ASM        ):00005         ; HELLO.ASM -- Humble Beginnings
                      (HELLO.ASM        ):00006         ; Chapter 1: A 6809 Assembly Language Tutorial
                      (HELLO.ASM        ):00007         ;
                      (HELLO.ASM        ):00008         ; Demonstrates the six foundational concepts:
                      (HELLO.ASM        ):00009         ;   1. Data Movement    -- loading and storing values
                      (HELLO.ASM        ):00010         ;   2. Arithmetic       -- counters and address calculation
                      (HELLO.ASM        ):00011         ;   3. Logic            -- AND/OR to convert ASCII to VDG codes
                      (HELLO.ASM        ):00012         ;   4. Compare/Branch   -- loops and conditional flow
                      (HELLO.ASM        ):00013         ;   5. Stack/Subroutine -- BSR/RTS, saving registers
                      (HELLO.ASM        ):00014         ;   6. Indexed Addressing -- ,X+  ,Y+  auto-increment through memory
                      (HELLO.ASM        ):00015         ;
                      (HELLO.ASM        ):00016         ; Target:  TRS-80 Color Computer 1/2/3, Extended Color BASIC
                      (HELLO.ASM        ):00017         ; Format:  Position-Independent Code (PIC)
                      (HELLO.ASM        ):00018         ;          Loaded via BASIC VARPTR string method
                      (HELLO.ASM        ):00019         ;
                      (HELLO.ASM        ):00020         ; Screen result:
                      (HELLO.ASM        ):00021         ;   Row 7:  [HELLO ] WORLD!    (HELLO=inverted, WORLD!=normal)
                      (HELLO.ASM        ):00022         ;   Row 13: cursor (BASIC "OK" appears here on return)
                      (HELLO.ASM        ):00023         ;
                      (HELLO.ASM        ):00024         ; Assemble: lwasm --decb -o HELLO.BIN HELLO.ASM
                      (HELLO.ASM        ):00025         ; ================================================================
                      (HELLO.ASM        ):00026         
                      (HELLO.ASM        ):00027         ; ââ ROM Entry Points âââââââââââââââââââââââââââââââââââââââââââââ
                      (HELLO.ASM        ):00028         ; These are fixed addresses in the Color BASIC ROM.
                      (HELLO.ASM        ):00029         ; They are indirect jump vectors â the ROM may change which
                      (HELLO.ASM        ):00030         ; routine they point to between versions, so we use JSR [addr]
                      (HELLO.ASM        ):00031         ; (indirect) rather than JSR addr (direct) for portability.
                      (HELLO.ASM        ):00032         
     A000             (HELLO.ASM        ):00033         POLCAT  EQU     $A000           ; poll keyboard: returns char in A, 0=none
     A002             (HELLO.ASM        ):00034         CHROUT  EQU     $A002           ; output char in A to screen via ROM
     A928             (HELLO.ASM        ):00035         CLRSCR  EQU     $A928           ; clear text screen (direct call, stable)
     A1B1             (HELLO.ASM        ):00036         BLINKKY EQU     $A1B1           ; blink cursor at CURPOS, wait for key (ROM-version dependent)
                      (HELLO.ASM        ):00037         
                      (HELLO.ASM        ):00038         ; ââ RAM Variables ââââââââââââââââââââââââââââââââââââââââââââââââ
     0088             (HELLO.ASM        ):00039         CURPOS  EQU     $88             ; cursor position: 16-bit address at $88/$89
                      (HELLO.ASM        ):00040                                         ; CHROUT reads this to know where to write
                      (HELLO.ASM        ):00041         
                      (HELLO.ASM        ):00042         ; ââ Screen Layout ââââââââââââââââââââââââââââââââââââââââââââââââ
     0400             (HELLO.ASM        ):00043         SCREEN  EQU     $0400           ; VDG text screen: 32 cols x 16 rows = 512 bytes
     0020             (HELLO.ASM        ):00044         COLS    EQU     32
                      (HELLO.ASM        ):00045         
                      (HELLO.ASM        ):00046         ; Screen position formula: SCREEN + (row * COLS) + col
     04EA             (HELLO.ASM        ):00047         HELLO_POS EQU  SCREEN+(7*COLS)+10   ; row 7, col 10 = $04EA
     04F0             (HELLO.ASM        ):00048         WORLD_POS EQU  SCREEN+(7*COLS)+16   ; row 7, col 16 = $04F0
     05A0             (HELLO.ASM        ):00049         EXIT_POS  EQU  SCREEN+(13*COLS)+0   ; row 13, col 0 = $0560
                      (HELLO.ASM        ):00050         
                      (HELLO.ASM        ):00051         ; ââ VDG Character Encoding âââââââââââââââââââââââââââââââââââââââ
                      (HELLO.ASM        ):00052         ; The VDG chip does NOT use ASCII. It has two character sets:
                      (HELLO.ASM        ):00053         ;
                      (HELLO.ASM        ):00054         ;   $00-$3F  first set  â on the CoCo: inverted video (green on black)
                      (HELLO.ASM        ):00055         ;   $40-$7F  second set â on the CoCo: normal video  (black on green)
                      (HELLO.ASM        ):00056         ;   $80-$FF  semigraphics block characters
                      (HELLO.ASM        ):00057         ;
                      (HELLO.ASM        ):00058         ; To place an uppercase ASCII letter in normal video:
                      (HELLO.ASM        ):00059         ;   ANDA #$3F   map ASCII to VDG character set (strips bits 7-6)
                      (HELLO.ASM        ):00060         ;               'H'=$48 -> $48 & $3F = $08
                      (HELLO.ASM        ):00061         ;   ORA  #$40   select normal video (black on green)
                      (HELLO.ASM        ):00062         ;               $08 | $40 = $48
                      (HELLO.ASM        ):00063         ;
                      (HELLO.ASM        ):00064         ; Without ORA #$40 the character stays in the first set and appears
                      (HELLO.ASM        ):00065         ; inverted (green on black) â which is what HELLO uses deliberately.
                      (HELLO.ASM        ):00066         ;
                      (HELLO.ASM        ):00067         ; Space: $20 is inverted space (green on black, first set)
                      (HELLO.ASM        ):00068         ;        $60 is normal space  (black on green, second set)
                      (HELLO.ASM        ):00069         ; HELLO uses $20 for its trailing space to match the inverted letters.
                      (HELLO.ASM        ):00070         
                      (HELLO.ASM        ):00071         ; ================================================================
                      (HELLO.ASM        ):00072         ; MAIN PROGRAM
                      (HELLO.ASM        ):00073         ; ================================================================
                      (HELLO.ASM        ):00074         
                      (HELLO.ASM        ):00075                 ORG     0               ; PIC: assemble at 0, runs anywhere
                      (HELLO.ASM        ):00076         
                      (HELLO.ASM        ):00077         ; âââââââââââââââââââââââââââââââââââââââââââââââââââââââââââââââââ
                      (HELLO.ASM        ):00078         ; STEP 1: Clear the screen
                      (HELLO.ASM        ):00079         ; Concept: Subroutine call (JSR)
                      (HELLO.ASM        ):00080         ;          The ROM does the work â we just call it.
                      (HELLO.ASM        ):00081         ; âââââââââââââââââââââââââââââââââââââââââââââââââââââââââââââââââ
0000                  (HELLO.ASM        ):00082         Start
0000 BDA928           (HELLO.ASM        ):00083                 JSR     CLRSCR          ; clear screen, home cursor
                      (HELLO.ASM        ):00084         
                      (HELLO.ASM        ):00085         ; âââââââââââââââââââââââââââââââââââââââââââââââââââââââââââââââââ
                      (HELLO.ASM        ):00086         ; STEP 2: Write "HELLO " inverted to VDG screen memory directly
                      (HELLO.ASM        ):00087         ; Concepts: Indexed addressing (,X+ ,Y+)
                      (HELLO.ASM        ):00088         ;           Logic (ANDA, ORA) to convert ASCII to VDG
                      (HELLO.ASM        ):00089         ;           Compare and branch (loop)
                      (HELLO.ASM        ):00090         ;           Data movement (LDA, STA)
                      (HELLO.ASM        ):00091         ;
                      (HELLO.ASM        ):00092         ; X points into screen memory (destination)
                      (HELLO.ASM        ):00093         ; Y points into our string data (source)
                      (HELLO.ASM        ):00094         ; B counts characters remaining
                      (HELLO.ASM        ):00095         ; âââââââââââââââââââââââââââââââââââââââââââââââââââââââââââââââââ
0003 8E04EA           (HELLO.ASM        ):00096                 LDX     #HELLO_POS      ; X = screen address for "HELLO "
0006 318D0034         (HELLO.ASM        ):00097                 LEAY    Hello,PCR       ; Y = address of "HELLO " data (PIC)
000A C606             (HELLO.ASM        ):00098                 LDB     #6              ; B = 6 characters to write
                      (HELLO.ASM        ):00099         
000C                  (HELLO.ASM        ):00100         WriteHello
000C A6A0             (HELLO.ASM        ):00101                 LDA     ,Y+             ; load next ASCII char, advance Y
000E 8120             (HELLO.ASM        ):00102                 CMPA    #' '            ; is it a space?
0010 2706             (HELLO.ASM        ):00103                 BEQ     WriteSpace      ; load space directly: ANDA+ORA gives $60 either way,
                      (HELLO.ASM        ):00104         	        		                ; but intent is clearer with an explicit load
0012 843F             (HELLO.ASM        ):00105                 ANDA    #$3F            ; map ASCII to VDG character set
0014 8A40             (HELLO.ASM        ):00106                 ORA     #$40            ; select normal video (black on green)
0016 2002             (HELLO.ASM        ):00107                 BRA     StoreChar
                      (HELLO.ASM        ):00108         
0018                  (HELLO.ASM        ):00109         WriteSpace
0018 8660             (HELLO.ASM        ):00110                 LDA     #$60            ; CoCo BASIC space character (Black printing, Green background)
                      (HELLO.ASM        ):00111         
001A                  (HELLO.ASM        ):00112         StoreChar
001A A780             (HELLO.ASM        ):00113                 STA     ,X+             ; write VDG code to screen, advance X
001C 5A               (HELLO.ASM        ):00114                 DECB                    ; one fewer character to write
001D 26ED             (HELLO.ASM        ):00115                 BNE     WriteHello      ; loop until B = 0
                      (HELLO.ASM        ):00116         
                      (HELLO.ASM        ):00117         ; âââââââââââââââââââââââââââââââââââââââââââââââââââââââââââââââââ
                      (HELLO.ASM        ):00118         ; STEP 3: Position cursor for CHROUT
                      (HELLO.ASM        ):00119         ; Concept: Data movement (LDD, STD)
                      (HELLO.ASM        ):00120         ;          Arithmetic (screen address calculation, done at assemble time)
                      (HELLO.ASM        ):00121         ;
                      (HELLO.ASM        ):00122         ; CHROUT writes to the screen address stored at $88/$89.
                      (HELLO.ASM        ):00123         ; We set it to row 7, col 16 so "WORLD!" follows "HELLO ".
                      (HELLO.ASM        ):00124         ; âââââââââââââââââââââââââââââââââââââââââââââââââââââââââââââââââ
001F CC04F0           (HELLO.ASM        ):00125                 LDD     #WORLD_POS      ; D = screen address for "WORLD!"
0022 DD88             (HELLO.ASM        ):00126                 STD     <CURPOS         ; store to cursor position register
                      (HELLO.ASM        ):00127         
                      (HELLO.ASM        ):00128         ; âââââââââââââââââââââââââââââââââââââââââââââââââââââââââââââââââ
                      (HELLO.ASM        ):00129         ; STEP 4: Write "WORLD!" via ROM CHROUT
                      (HELLO.ASM        ):00130         ; Concept: BSR (Branch to SubRoutine) â our own subroutine
                      (HELLO.ASM        ):00131         ;          The stack: BSR pushes the return address automatically
                      (HELLO.ASM        ):00132         ; âââââââââââââââââââââââââââââââââââââââââââââââââââââââââââââââââ
0024 308D001C         (HELLO.ASM        ):00133                 LEAX    World,PCR       ; X = address of "WORLD!" data (PIC)
0028 8D09             (HELLO.ASM        ):00134                 BSR     PrintStr        ; call our subroutine â stack saves return
                      (HELLO.ASM        ):00135         
                      (HELLO.ASM        ):00136         ; âââââââââââââââââââââââââââââââââââââââââââââââââââââââââââââââââ
                      (HELLO.ASM        ):00137         ; STEP 5: Position cursor for clean BASIC return
                      (HELLO.ASM        ):00138         ; When we RTS back to BASIC, it prints "OK" at the cursor position.
                      (HELLO.ASM        ):00139         ; We place it at row 13, col 0.
                      (HELLO.ASM        ):00140         ; âââââââââââââââââââââââââââââââââââââââââââââââââââââââââââââââââ
002A CC05A0           (HELLO.ASM        ):00141                 LDD     #EXIT_POS       ; D = row 13, col 0
002D DD88             (HELLO.ASM        ):00142                 STD     <CURPOS         ; position cursor for BASIC return
                      (HELLO.ASM        ):00143         
                      (HELLO.ASM        ):00144         ; âââââââââââââââââââââââââââââââââââââââââââââââââââââââââââââââââ
                      (HELLO.ASM        ):00145         ; STEP 6: Wait for keypress with blinking cursor
                      (HELLO.ASM        ):00146         ; Concept: Compare and branch (polling loop)
                      (HELLO.ASM        ):00147         ;          JSR [indirect]: calls via ROM jump vector
                      (HELLO.ASM        ):00148         ;
                      (HELLO.ASM        ):00149         ; BLINKKY ($A1B1) blinks the cursor at the current CURPOS and
                      (HELLO.ASM        ):00150         ; waits for a keypress, returning the key in A.
                      (HELLO.ASM        ):00151         ; NOTE: address is ROM-version dependent â verify before shipping.
                      (HELLO.ASM        ):00152         ; âââââââââââââââââââââââââââââââââââââââââââââââââââââââââââââââââ
002F                  (HELLO.ASM        ):00153         WaitKey
002F BDA1B1           (HELLO.ASM        ):00154                 JSR     BLINKKY         ; blink cursor, wait for key â returns char in A
                      (HELLO.ASM        ):00155         
                      (HELLO.ASM        ):00156         ; âââââââââââââââââââââââââââââââââââââââââââââââââââââââââââââââââ
                      (HELLO.ASM        ):00157         ; STEP 7: Return to BASIC
                      (HELLO.ASM        ):00158         ; RTS pops the return address from the stack and jumps there.
                      (HELLO.ASM        ):00159         ; BASIC called us via EXEC, so we return to BASIC cleanly.
                      (HELLO.ASM        ):00160         ; BASIC will print "OK" at the cursor position we set in Step 5.
                      (HELLO.ASM        ):00161         ; âââââââââââââââââââââââââââââââââââââââââââââââââââââââââââââââââ
0032 39               (HELLO.ASM        ):00162                 RTS
                      (HELLO.ASM        ):00163         
                      (HELLO.ASM        ):00164         ; ================================================================
                      (HELLO.ASM        ):00165         ; SUBROUTINE: PrintStr
                      (HELLO.ASM        ):00166         ; Print a null-terminated ASCII string via the CHROUT ROM routine.
                      (HELLO.ASM        ):00167         ;
                      (HELLO.ASM        ):00168         ; Entry:  X = pointer to string (null-terminated)
                      (HELLO.ASM        ):00169         ; Uses:   A (destroyed), X (advanced to end of string)
                      (HELLO.ASM        ):00170         ; Stack:  BSR pushed return address; RTS pops it
                      (HELLO.ASM        ):00171         ;
                      (HELLO.ASM        ):00172         ; Concept: Subroutine structure (entry, work, RTS)
                      (HELLO.ASM        ):00173         ;          Indexed addressing (,X+ auto-increment)
                      (HELLO.ASM        ):00174         ;          Compare and branch (null terminator check)
                      (HELLO.ASM        ):00175         ; ================================================================
0033                  (HELLO.ASM        ):00176         PrintStr
0033 A680             (HELLO.ASM        ):00177                 LDA     ,X+             ; load next char, advance X
0035 2706             (HELLO.ASM        ):00178                 BEQ     PrintDone       ; null ($00) = end of string
0037 AD9FA002         (HELLO.ASM        ):00179                 JSR     [CHROUT]        ; output character in A via ROM
003B 20F6             (HELLO.ASM        ):00180                 BRA     PrintStr        ; loop for next character
003D                  (HELLO.ASM        ):00181         PrintDone
003D 39               (HELLO.ASM        ):00182                 RTS                     ; return to caller (BSR saved address on stack)
                      (HELLO.ASM        ):00183         
                      (HELLO.ASM        ):00184         ; ================================================================
                      (HELLO.ASM        ):00185         ; STRING DATA
                      (HELLO.ASM        ):00186         ; ================================================================
003E 48454C4C4F20     (HELLO.ASM        ):00187         Hello   FCC     "HELLO "        ; 6 bytes â converted to VDG in WriteHello
0044 574F524C4421     (HELLO.ASM        ):00188         World   FCC     "WORLD!"        ; printed via CHROUT (ASCII, ROM converts)
004A 00               (HELLO.ASM        ):00189                 FCB     0               ; null terminator for PrintStr
                      (HELLO.ASM        ):00190         
                      (HELLO.ASM        ):00191                 END     Start

Symbol Table:
[ G] BLINKKY                          A1B1
[ G] CHROUT                           A002
[ G] CLRSCR                           A928
[ G] COLS                             0020
[ G] CURPOS                           0088
[ G] EXIT_POS                         05A0
[ G] Hello                            003E
[ G] HELLO_POS                        04EA
[ G] POLCAT                           A000
[ G] PrintDone                        003D
[ G] PrintStr                         0033
[ G] SCREEN                           0400
[ G] Start                            0000
[ G] StoreChar                        001A
[ G] WaitKey                          002F
[ G] World                            0044
[ G] WORLD_POS                        04F0
[ G] WriteHello                       000C
[ G] WriteSpace                       0018
